
Discarded input sections

 .text          0x00000000        0x0 build/os/tpl_os_kernel.c.o
 .data          0x00000000        0x0 build/os/tpl_os_kernel.c.o
 .bss           0x00000000        0x0 build/os/tpl_os_kernel.c.o
 .text          0x00000000        0x0 build/os/tpl_os_timeobj_kernel.c.o
 .data          0x00000000        0x0 build/os/tpl_os_timeobj_kernel.c.o
 .bss           0x00000000        0x0 build/os/tpl_os_timeobj_kernel.c.o
 .text          0x00000000        0x0 build/os/tpl_os_action.c.o
 .data          0x00000000        0x0 build/os/tpl_os_action.c.o
 .bss           0x00000000        0x0 build/os/tpl_os_action.c.o
 .osCode        0x00000000       0x64 build/os/tpl_os_action.c.o
 .debug_info    0x00000000      0x262 build/os/tpl_os_action.c.o
 .debug_abbrev  0x00000000       0xda build/os/tpl_os_action.c.o
 .debug_aranges
                0x00000000       0x30 build/os/tpl_os_action.c.o
 .debug_ranges  0x00000000       0x20 build/os/tpl_os_action.c.o
 .debug_line    0x00000000      0x111 build/os/tpl_os_action.c.o
 .debug_str     0x00000000      0x359 build/os/tpl_os_action.c.o
 .comment       0x00000000       0x4e build/os/tpl_os_action.c.o
 .debug_frame   0x00000000       0x7c build/os/tpl_os_action.c.o
 .ARM.attributes
                0x00000000       0x2e build/os/tpl_os_action.c.o
 .text          0x00000000        0x0 build/os/tpl_os_error.c.o
 .data          0x00000000        0x0 build/os/tpl_os_error.c.o
 .bss           0x00000000        0x0 build/os/tpl_os_error.c.o
 .debug_info    0x00000000       0x64 build/os/tpl_os_error.c.o
 .debug_abbrev  0x00000000       0x26 build/os/tpl_os_error.c.o
 .debug_aranges
                0x00000000       0x18 build/os/tpl_os_error.c.o
 .debug_line    0x00000000       0x1d build/os/tpl_os_error.c.o
 .debug_str     0x00000000      0x1de build/os/tpl_os_error.c.o
 .comment       0x00000000       0x4e build/os/tpl_os_error.c.o
 .ARM.attributes
                0x00000000       0x37 build/os/tpl_os_error.c.o
 .text          0x00000000        0x0 build/os/tpl_os_os_kernel.c.o
 .data          0x00000000        0x0 build/os/tpl_os_os_kernel.c.o
 .bss           0x00000000        0x0 build/os/tpl_os_os_kernel.c.o
 .text          0x00000000        0x0 build/os/tpl_os_os.c.o
 .data          0x00000000        0x0 build/os/tpl_os_os.c.o
 .bss           0x00000000        0x0 build/os/tpl_os_os.c.o
 .text          0x00000000        0x0 build/os/tpl_os_interrupt_kernel.c.o
 .data          0x00000000        0x0 build/os/tpl_os_interrupt_kernel.c.o
 .bss           0x00000000        0x0 build/os/tpl_os_interrupt_kernel.c.o
 .text          0x00000000        0x0 build/os/tpl_os_task_kernel.c.o
 .data          0x00000000        0x0 build/os/tpl_os_task_kernel.c.o
 .bss           0x00000000        0x0 build/os/tpl_os_task_kernel.c.o
 .text          0x00000000        0x0 build/os/tpl_os_resource_kernel.c.o
 .data          0x00000000        0x0 build/os/tpl_os_resource_kernel.c.o
 .bss           0x00000000        0x0 build/os/tpl_os_resource_kernel.c.o
 .osConst       0x00000000        0x2 build/os/tpl_os_resource_kernel.c.o
 .text          0x00000000        0x0 build/os/tpl_os_event_kernel.c.o
 .data          0x00000000        0x0 build/os/tpl_os_event_kernel.c.o
 .bss           0x00000000        0x0 build/os/tpl_os_event_kernel.c.o
 .text          0x00000000        0x0 build/blink.c.o
 .data          0x00000000        0x0 build/blink.c.o
 .bss           0x00000000        0x0 build/blink.c.o
 .text          0x00000000        0x0 build/blink/tpl_app_config.c.o
 .data          0x00000000        0x0 build/blink/tpl_app_config.c.o
 .bss           0x00000000        0x0 build/blink/tpl_app_config.c.o
 .rodata.APPMODE_1
                0x00000000        0x1 build/blink/tpl_app_config.c.o
 .text          0x00000000        0x0 build/blink/tpl_dispatch_table.c.o
 .data          0x00000000        0x0 build/blink/tpl_dispatch_table.c.o
 .bss           0x00000000        0x0 build/blink/tpl_dispatch_table.c.o
 .text          0x00000000        0x0 build/blink/tpl_invoque.S.o
 .data          0x00000000        0x0 build/blink/tpl_invoque.S.o
 .bss           0x00000000        0x0 build/blink/tpl_invoque.S.o
 .text          0x00000000        0x0 build/blink/tpl_primary_irq.S.o
 .data          0x00000000        0x0 build/blink/tpl_primary_irq.S.o
 .bss           0x00000000        0x0 build/blink/tpl_primary_irq.S.o
 .osVar         0x00000000        0x0 build/blink/tpl_primary_irq.S.o
 .text          0x00000000        0x0 build/blink/tpl_vectors.c.o
 .data          0x00000000        0x0 build/blink/tpl_vectors.c.o
 .bss           0x00000000        0x0 build/blink/tpl_vectors.c.o
 .text          0x00000000        0x0 build/blink/tpl_external_interrupts.c.o
 .data          0x00000000        0x0 build/blink/tpl_external_interrupts.c.o
 .bss           0x00000000        0x0 build/blink/tpl_external_interrupts.c.o
[...]
Memory Configuration

Name             Origin             Length             Attributes
VECTOR           0x08000000         0x00000188         xr
FLASH            0x08000188         0x0000fe78         xr
RAM              0x20000000         0x00020000         xrw
MEMORY_B1        0x60000000         0x00000000         xr
*default*        0x00000000         0xffffffff

Linker script and memory map

LOAD build/os/tpl_os_kernel.c.o
LOAD build/os/tpl_os_timeobj_kernel.c.o
LOAD build/os/tpl_os_action.c.o
LOAD build/os/tpl_os_error.c.o
LOAD build/os/tpl_os_os_kernel.c.o
LOAD build/os/tpl_os_os.c.o
LOAD build/os/tpl_os_interrupt_kernel.c.o
LOAD build/os/tpl_os_task_kernel.c.o
LOAD build/os/tpl_os_resource_kernel.c.o
LOAD build/os/tpl_os_event_kernel.c.o
LOAD build/blink.c.o
LOAD build/blink/tpl_app_config.c.o
LOAD build/blink/tpl_dispatch_table.c.o
LOAD build/blink/tpl_invoque.S.o
LOAD build/blink/tpl_primary_irq.S.o
LOAD build/blink/tpl_vectors.c.o
LOAD build/blink/tpl_external_interrupts.c.o
LOAD build/blink/tpl_app_interrupts.c.o
LOAD build/machines/cortex/tpl_machine_cortex.c.o
LOAD build/machines/cortex/tpl_sc_handler.S.o
LOAD build/machines/cortex/tpl_startup.S.o
LOAD build/machines/cortex/armv7em/tpl_ctx_switch.S.o
LOAD build/machines/cortex/armv7em/tpl_ctx_switch_under_it.S.o
LOAD build/machines/cortex/armv7em/tpl_interrupts.S.o
LOAD build/machines/cortex/armv7em/stm32f407/tpl_memory_protection.c.o
LOAD build/machines/cortex/armv7em/stm32f407/tpl_machine_stm32f407.c.o
LOAD build/machines/cortex/armv7em/stm32f407/startup_stm32f4xx.c.o
LOAD build/machines/cortex/armv7em/stm32f407/system_stm32f4xx.c.o
LOAD build/machines/cortex/armv7em/stm32f407/handlers_stm32f4xx.c.o
LOAD build/machines/cortex/armv7em/stm32f407/lib/pinAccess.c.o
LOAD build/machines/cortex/armv7em/stm32f407/STM32F4xx_StdPeriph_Driver/stm32f4xx_gpio.c.o
LOAD build/machines/cortex/armv7em/stm32f407/STM32F4xx_StdPeriph_Driver/stm32f4xx_rcc.c.o
LOAD build/machines/cortex/armv7em/stm32f407/STM32F4xx_StdPeriph_Driver/stm32f4xx_exti.c.o
LOAD build/machines/cortex/armv7em/stm32f407/STM32F4xx_StdPeriph_Driver/stm32f4xx_syscfg.c.o
LOAD build/machines/cortex/armv7em/stm32f407/STM32F4xx_StdPeriph_Driver/misc.c.o
LOAD build/machines/cortex/armv7em/stm32f407/stm32f4discovery/stm32f4_discovery.c.o
LOAD build/machines/cortex/armv7em/stm32f407/stm32f4discovery/tp.c.o
                0x20020000                _estack = 0x20020000
                0x00000000                _Min_Heap_Size = 0x0
                0x00000400                _Min_Stack_Size = 0x400

.isr_vector     0x08000000      0x188
                0x08000000                . = ALIGN (0x4)
 *(.isr_vector)
 .isr_vector    0x08000000      0x188 build/blink/tpl_vectors.c.o
                0x08000000                tpl_it_vectors
                0x08000188                . = ALIGN (0x4)
                0x08000188                . = ALIGN (0x4)

ostext          0x08000188     0x1d28
 *(.SC_handler)
 *(.EI_handler)
 *(.osCode)
 .osCode        0x08000188      0x8f4 build/os/tpl_os_kernel.c.o
                0x08000188                tpl_current_os_state
                0x080001dc                tpl_schedule_from_running
                0x08000220                tpl_start_scheduling
                0x08000238                tpl_start
                0x080002b0                tpl_run_elected
                0x0800033c                tpl_block
                0x08000374                tpl_release
                0x080003b0                tpl_front_proc
                0x080003dc                tpl_terminate
                0x0800044c                tpl_init_proc
                0x08000480                tpl_put_preempted_proc
                0x080004d8                tpl_put_new_proc
                0x0800055c                tpl_init_os
                0x080005c0                tpl_get_internal_resource
                0x08000648                tpl_release_internal_resource
                0x08000698                tpl_call_terminate_task_service
                0x080006cc                tpl_call_terminate_isr2_service
                0x08000714                tpl_activate_task
                0x080007b0                tpl_set_event
                0x08000830                tpl_compare_entries
                0x080008c0                tpl_bubble_up
                0x08000940                tpl_bubble_down
                0x080009f4                tpl_remove_front_proc
                0x08000a50                tpl_preempt
 .osCode        0x08000a7c      0x2f0 build/os/tpl_os_timeobj_kernel.c.o
                0x08000a7c                tpl_enable_counters
                0x08000a94                tpl_insert_time_obj
                0x08000b72                tpl_remove_time_obj
                0x08000be4                tpl_counter_tick
 .osCode        0x08000d6c       0xb4 build/os/tpl_os_os_kernel.c.o
                0x08000d6c                tpl_get_active_application_mode_service
                0x08000d9c                tpl_start_os_service
                0x08000de8                tpl_call_shutdown_os
                0x08000e06                tpl_shutdown_os_service
 .osCode        0x08000e20      0x1e0 build/os/tpl_os_interrupt_kernel.c.o
                0x08000e20                tpl_get_interrupt_lock_status
                0x08000e60                tpl_reset_interrupt_lock_status
                0x08000e9c                tpl_terminate_isr2_service
                0x08000ee0                tpl_null_it
                0x08000ef2                tpl_enable_all_interrupts_service
                0x08000f10                tpl_disable_all_interrupts_service
                0x08000f40                tpl_resume_all_interrupts_service
                0x08000f78                tpl_suspend_all_interrupts_service
                0x08000fa0                tpl_resume_os_interrupts_service
                0x08000fd8                tpl_suspend_os_interrupts_service
 .osCode        0x08001000      0x2b4 build/os/tpl_os_task_kernel.c.o
                0x08001000                tpl_activate_task_service
                0x08001064                tpl_terminate_task_service
                0x080010d4                tpl_chain_task_service
                0x08001184                tpl_schedule_service
                0x08001200                tpl_get_task_id_service
                0x08001250                tpl_get_task_state_service
 .osCode        0x080012b4      0x1fc build/os/tpl_os_resource_kernel.c.o
                0x080012b4                tpl_release_all_resources
                0x08001314                tpl_get_resource_service
                0x08001400                tpl_release_resource_service
 .osCode        0x080014b0      0x260 build/os/tpl_os_event_kernel.c.o
                0x080014b0                tpl_set_event_service
                0x08001560                tpl_clear_event_service
                0x080015e4                tpl_get_event_service
                0x0800167c                tpl_wait_event_service
 .osCode        0x08001710       0x7c build/blink.c.o
                0x08001710                main
                0x08001730                assert_failed
                0x08001744                PreTaskHook
                0x08001750                PostTaskHook
                0x0800175c                ShutdownHook
 .osCode        0x0800178c       0x40 build/blink/tpl_app_config.c.o
                0x0800178c                tpl_tick_SysTick
                0x080017c0                SysTick_Handler
 .osCode        0x080017cc       0x30 build/blink/tpl_primary_irq.S.o
                0x080017cc                tpl_primary_irq_handler_SysTick
 .osCode        0x080017fc       0x20 build/blink/tpl_external_interrupts.c.o
                0x080017fc                tpl_init_external_interrupts
 .osCode        0x0800181c       0x24 build/blink/tpl_app_interrupts.c.o
                0x0800181c                tpl_init_it_priority
                0x08001828                tpl_disable_os_interrupts
                0x08001834                tpl_enable_os_interrupts
 .osCode        0x08001840      0x164 build/machines/cortex/tpl_machine_cortex.c.o
                0x08001840                tpl_init_context
                0x0800192c                tpl_init_machine
                0x0800193c                tpl_shutdown
                0x08001946                tpl_init_machine_generic
                0x08001952                tpl_init_machine_specific
                0x08001988                tpl_check_stack_footprint
 .osCode        0x080019a4       0x6c build/machines/cortex/tpl_sc_handler.S.o
                0x080019a4                tpl_sc_handler
 .osCode        0x08001a10       0x1c build/machines/cortex/tpl_startup.S.o
                0x08001a10                tpl_reset_handler
 .osCode        0x08001a2c       0x4c build/machines/cortex/armv7em/tpl_ctx_switch.S.o
                0x08001a2c                tpl_save_context
                0x08001a52                tpl_load_context
 .osCode        0x08001a78       0x44 build/machines/cortex/armv7em/tpl_ctx_switch_under_it.S.o
                0x08001a78                tpl_save_context_under_it
                0x08001a9a                tpl_load_context_under_it
 .osCode        0x08001abc       0x2c build/machines/cortex/armv7em/tpl_interrupts.S.o
                0x08001abc                tpl_disable_interrupts
                0x08001ad0                tpl_enable_interrupts
 .osCode        0x08001ae8       0x7c build/machines/cortex/armv7em/stm32f407/tpl_machine_stm32f407.c.o
                0x08001b38                tpl_set_systick_timer
 .osCode        0x08001b64      0x108 build/machines/cortex/armv7em/stm32f407/stm32f4discovery/tp.c.o
                0x08001b64                initBoard
                0x08001b8c                ledOn
                0x08001bac                ledOff
                0x08001bcc                ledToggle
                0x08001bec                readButton
                0x08001c3c                delay
 *(.osApiCode)
 .osApiCode     0x08001c6c       0x2a build/os/tpl_os_os.c.o
                0x08001c6c                StartOS
 .osApiCode     0x08001c96      0x21a build/blink/tpl_invoque.S.o
                0x08001c96                GetActiveApplicationMode
                0x08001cac                tpl_start_os
                0x08001cc2                ShutdownOS
                0x08001cd8                EnableAllInterrupts
                0x08001cf2                DisableAllInterrupts
                0x08001d0c                ResumeAllInterrupts
                0x08001d26                SuspendAllInterrupts
                0x08001d40                ResumeOSInterrupts
                0x08001d5a                SuspendOSInterrupts
                0x08001d74                CallTerminateISR2
                0x08001d8e                ActivateTask
                0x08001da4                TerminateTask
                0x08001dba                ChainTask
                0x08001dd0                Schedule
                0x08001de6                GetTaskID
                0x08001dfc                GetTaskState
                0x08001e12                CallTerminateTask
                0x08001e2c                GetResource
                0x08001e42                ReleaseResource
                0x08001e58                SetEvent
                0x08001e6e                ClearEvent
                0x08001e84                GetEvent
                0x08001e9a                WaitEvent
 *(.appCommonCode)
                0x08001eb0                . = ALIGN (0x4)

osconst         0x08001eb0      0x130
 *(.osConst)
 .osConst       0x08001eb0        0x2 build/os/tpl_os_kernel.c.o
                0x08001eb0                INVALID_PROC
                0x08001eb1                INVALID_TASK
 *fill*         0x08001eb2        0x2 
 .osConst       0x08001eb4       0xa8 build/blink/tpl_app_config.c.o
                0x08001eb4                tpl_stat_proc_table
                0x08001ec8                tpl_dyn_proc_table
                0x08001edc                tpl_task_events_table
                0x08001ee0                tpl_resource_table
                0x08001ee4                IDLE_TASK_task_stat_desc
                0x08001efc                SWC2_MainTask_task_stat_desc
                0x08001f14                SWC1_Init_task_stat_desc
                0x08001f2c                SWC2_Init_task_stat_desc
                0x08001f44                SWC1_MainTask_task_stat_desc
 .osConst       0x08001f5c       0x5c build/blink/tpl_dispatch_table.c.o
                0x08001f5c                tpl_dispatch_table
 *(.osApiConst)
 .osApiConst    0x08001fb8       0x28 build/blink/tpl_app_config.c.o
                0x08001fb8                proc_name_table
                0x08001fcc                event1
                0x08001fcd                event2
                0x08001fce                SWC2_MainTask
                0x08001fcf                SWC1_Init
                0x08001fd0                SWC2_Init
                0x08001fd1                SWC1_MainTask
                0x08001fd4                OSTICKSPERBASE
                0x08001fd8                OSMAXALLOWEDVALUE
                0x08001fdc                OSMINCYCLE
                0x08001fe0                . = ALIGN (0x4)

apptext         0x08001fe0       0xcc
                0x08001fe0                __PROGCONST_SECTION_START = .
                0x08001fe0                __SEG_START_APP_CODE_CONST_RGN = .
                0x08001fe0                . = ALIGN (0x4)
 *(.Task_SWC2_MainTaskCode)
 .Task_SWC2_MainTaskCode
                0x08001fe0       0x58 build/blink.c.o
                0x08001fe0                SWC2_MainTask_function
 *(.Task_SWC1_InitCode)
 .Task_SWC1_InitCode
                0x08002038       0x28 build/blink.c.o
                0x08002038                SWC1_Init_function
 *(.Task_SWC2_InitCode)
 .Task_SWC2_InitCode
                0x08002060       0x16 build/blink.c.o
                0x08002060                SWC2_Init_function
 *(.Task_SWC1_MainTaskCode)
 *fill*         0x08002076        0x2 
 .Task_SWC1_MainTaskCode
                0x08002078       0x34 build/blink.c.o
                0x08002078                SWC1_MainTask_function
                0x080020ac                . = ALIGN (0x4)

appconst        0x080020ac      0x238
 *(.rodata)
 .rodata        0x080020ac       0x3f build/blink/tpl_app_config.c.o
 *fill*         0x080020eb        0x1 
 .rodata        0x080020ec       0x60 build/machines/cortex/armv7em/stm32f407/STM32F4xx_StdPeriph_Driver/stm32f4xx_gpio.c.o
 .rodata        0x0800214c       0x5f build/machines/cortex/armv7em/stm32f407/STM32F4xx_StdPeriph_Driver/stm32f4xx_rcc.c.o
 *fill*         0x080021ab        0x1 
 .rodata        0x080021ac       0x60 build/machines/cortex/armv7em/stm32f407/STM32F4xx_StdPeriph_Driver/stm32f4xx_exti.c.o
 .rodata        0x0800220c       0x62 build/machines/cortex/armv7em/stm32f407/STM32F4xx_StdPeriph_Driver/stm32f4xx_syscfg.c.o
 *fill*         0x0800226e        0x2 
 .rodata        0x08002270       0x56 build/machines/cortex/armv7em/stm32f407/STM32F4xx_StdPeriph_Driver/misc.c.o
 *(.rodata*)
 .rodata.OSDEFAULTAPPMODE
                0x080022c6        0x1 build/blink/tpl_app_config.c.o
                0x080022c6                OSDEFAULTAPPMODE
 *fill*         0x080022c7        0x1 
 .rodata.tpl_task_app_mode
                0x080022c8        0x4 build/blink/tpl_app_config.c.o
                0x080022c8                tpl_task_app_mode
 .rodata.GPIO_PIN
                0x080022cc        0x8 build/machines/cortex/armv7em/stm32f407/stm32f4discovery/stm32f4_discovery.c.o
                0x080022cc                GPIO_PIN
 .rodata.GPIO_CLK
                0x080022d4       0x10 build/machines/cortex/armv7em/stm32f407/stm32f4discovery/stm32f4_discovery.c.o
                0x080022d4                GPIO_CLK
                0x080022e4                . = ALIGN (0x4)

procconst       0x080022e4        0x0
 *(.Task_SWC2_MainTask_SEC_CONST_32BIT)
 *(.Task_SWC2_MainTask_SEC_CALIB_32BIT)
 *(.Task_SWC2_MainTask_SEC_CARTO_32BIT)
 *(.Task_SWC2_MainTask_SEC_CONFIG_DATA_32BIT)
 *(.Task_SWC2_MainTask_SEC_CONST_16BIT)
 *(.Task_SWC2_MainTask_SEC_CALIB_16BIT)
 *(.Task_SWC2_MainTask_SEC_CARTO_16BIT)
 *(.Task_SWC2_MainTask_SEC_CONFIG_DATA_16BIT)
 *(.Task_SWC2_MainTask_SEC_CONST_8BIT)
 *(.Task_SWC2_MainTask_SEC_CALIB_8BIT)
 *(.Task_SWC2_MainTask_SEC_CARTO_8BIT)
 *(.Task_SWC2_MainTask_SEC_CONFIG_DATA_8BIT)
 *(.Task_SWC2_MainTask_SEC_CONST_BOOLEAN)
 *(.Task_SWC2_MainTask_SEC_CALIB_BOOLEAN)
 *(.Task_SWC2_MainTask_SEC_CARTO_BOOLEAN)
 *(.Task_SWC2_MainTask_SEC_CONFIG_DATA_BOOLEAN)
 *(.Task_SWC2_MainTask_SEC_CONST_UNSPECIFIED)
 *(.Task_SWC2_MainTask_SEC_CALIB_UNSPECIFIED)
 *(.Task_SWC2_MainTask_SEC_CARTO_UNSPECIFIED)
 *(.Task_SWC2_MainTask_SEC_CONFIG_DATA_UNSPECIFIED)
 *(.Task_SWC1_Init_SEC_CONST_32BIT)
 *(.Task_SWC1_Init_SEC_CALIB_32BIT)
 *(.Task_SWC1_Init_SEC_CARTO_32BIT)
 *(.Task_SWC1_Init_SEC_CONFIG_DATA_32BIT)
 *(.Task_SWC1_Init_SEC_CONST_16BIT)
 *(.Task_SWC1_Init_SEC_CALIB_16BIT)
 *(.Task_SWC1_Init_SEC_CARTO_16BIT)
 *(.Task_SWC1_Init_SEC_CONFIG_DATA_16BIT)
 *(.Task_SWC1_Init_SEC_CONST_8BIT)
 *(.Task_SWC1_Init_SEC_CALIB_8BIT)
 *(.Task_SWC1_Init_SEC_CARTO_8BIT)
 *(.Task_SWC1_Init_SEC_CONFIG_DATA_8BIT)
 *(.Task_SWC1_Init_SEC_CONST_BOOLEAN)
 *(.Task_SWC1_Init_SEC_CALIB_BOOLEAN)
 *(.Task_SWC1_Init_SEC_CARTO_BOOLEAN)
 *(.Task_SWC1_Init_SEC_CONFIG_DATA_BOOLEAN)
 *(.Task_SWC1_Init_SEC_CONST_UNSPECIFIED)
 *(.Task_SWC1_Init_SEC_CALIB_UNSPECIFIED)
 *(.Task_SWC1_Init_SEC_CARTO_UNSPECIFIED)
 *(.Task_SWC1_Init_SEC_CONFIG_DATA_UNSPECIFIED)
 *(.Task_SWC2_Init_SEC_CONST_32BIT)
 *(.Task_SWC2_Init_SEC_CALIB_32BIT)
 *(.Task_SWC2_Init_SEC_CARTO_32BIT)
 *(.Task_SWC2_Init_SEC_CONFIG_DATA_32BIT)
 *(.Task_SWC2_Init_SEC_CONST_16BIT)
 *(.Task_SWC2_Init_SEC_CALIB_16BIT)
 *(.Task_SWC2_Init_SEC_CARTO_16BIT)
 *(.Task_SWC2_Init_SEC_CONFIG_DATA_16BIT)
 *(.Task_SWC2_Init_SEC_CONST_8BIT)
 *(.Task_SWC2_Init_SEC_CALIB_8BIT)
 *(.Task_SWC2_Init_SEC_CARTO_8BIT)
 *(.Task_SWC2_Init_SEC_CONFIG_DATA_8BIT)
 *(.Task_SWC2_Init_SEC_CONST_BOOLEAN)
 *(.Task_SWC2_Init_SEC_CALIB_BOOLEAN)
 *(.Task_SWC2_Init_SEC_CARTO_BOOLEAN)
 *(.Task_SWC2_Init_SEC_CONFIG_DATA_BOOLEAN)
 *(.Task_SWC2_Init_SEC_CONST_UNSPECIFIED)
 *(.Task_SWC2_Init_SEC_CALIB_UNSPECIFIED)
 *(.Task_SWC2_Init_SEC_CARTO_UNSPECIFIED)
 *(.Task_SWC2_Init_SEC_CONFIG_DATA_UNSPECIFIED)
 *(.Task_SWC1_MainTask_SEC_CONST_32BIT)
 *(.Task_SWC1_MainTask_SEC_CALIB_32BIT)
 *(.Task_SWC1_MainTask_SEC_CARTO_32BIT)
 *(.Task_SWC1_MainTask_SEC_CONFIG_DATA_32BIT)
 *(.Task_SWC1_MainTask_SEC_CONST_16BIT)
 *(.Task_SWC1_MainTask_SEC_CALIB_16BIT)
 *(.Task_SWC1_MainTask_SEC_CARTO_16BIT)
 *(.Task_SWC1_MainTask_SEC_CONFIG_DATA_16BIT)
 *(.Task_SWC1_MainTask_SEC_CONST_8BIT)
 *(.Task_SWC1_MainTask_SEC_CALIB_8BIT)
 *(.Task_SWC1_MainTask_SEC_CARTO_8BIT)
 *(.Task_SWC1_MainTask_SEC_CONFIG_DATA_8BIT)
 *(.Task_SWC1_MainTask_SEC_CONST_BOOLEAN)
 *(.Task_SWC1_MainTask_SEC_CALIB_BOOLEAN)
 *(.Task_SWC1_MainTask_SEC_CARTO_BOOLEAN)
 *(.Task_SWC1_MainTask_SEC_CONFIG_DATA_BOOLEAN)
 *(.Task_SWC1_MainTask_SEC_CONST_UNSPECIFIED)
 *(.Task_SWC1_MainTask_SEC_CALIB_UNSPECIFIED)
 *(.Task_SWC1_MainTask_SEC_CARTO_UNSPECIFIED)
 *(.Task_SWC1_MainTask_SEC_CONFIG_DATA_UNSPECIFIED)
                0x080022e4                . = ALIGN (0x4)
                0x080022e3                __SEG_STOP_APP_CODE_CONST_RGN = (. - 0x1)
                0x080022e3                __PROGCONST_SECTION_STOP = (. - 0x1)

.text           0x080022e4      0xdc0
                0x080022e4                . = ALIGN (0x4)
 *(.text)
 *(.text*)
 .text.SWC1_Init_Internal
                0x080022e4       0x34 build/blink.c.o
                0x080022e4                SWC1_Init_Internal
 .text.SWC2_Init_Internal
                0x08002318       0x34 build/blink.c.o
                0x08002318                SWC2_Init_Internal
 .text.SWC1_MainTask_Internal
                0x0800234c       0x34 build/blink.c.o
                0x0800234c                SWC1_MainTask_Internal
 .text.SWC2_MainTask_Internal
                0x08002380       0x40 build/blink.c.o
                0x08002380                SWC2_MainTask_Internal
 .text.NVIC_SetPriority
                0x080023c0       0x54 build/machines/cortex/tpl_machine_cortex.c.o
 .text.idle_function
                0x08002414        0x6 build/machines/cortex/tpl_machine_cortex.c.o
                0x08002414                idle_function
 *fill*         0x0800241a        0x2 
 .text.NVIC_SetPriority
                0x0800241c       0x54 build/machines/cortex/armv7em/stm32f407/tpl_machine_stm32f407.c.o
 .text.__libc_init_array
                0x08002470       0x70 build/machines/cortex/armv7em/stm32f407/startup_stm32f4xx.c.o
                0x08002470                __libc_init_array
 .text.__libc_fini_array
                0x080024e0       0x40 build/machines/cortex/armv7em/stm32f407/startup_stm32f4xx.c.o
                0x080024e0                __libc_fini_array
 .text.SystemInit
                0x08002520       0x5c build/machines/cortex/armv7em/stm32f407/system_stm32f4xx.c.o
                0x08002520                SystemInit
 .text.SetSysClock
                0x0800257c       0xf4 build/machines/cortex/armv7em/stm32f407/system_stm32f4xx.c.o
 .text.NMI_Handler
                0x08002670        0x8 build/machines/cortex/armv7em/stm32f407/handlers_stm32f4xx.c.o
                0x08002670                NMI_Handler
 .text.HardFault_Handler
                0x08002678       0x64 build/machines/cortex/armv7em/stm32f407/handlers_stm32f4xx.c.o
                0x08002678                HardFault_Handler
 .text.MemManage_Handler
                0x080026dc        0x8 build/machines/cortex/armv7em/stm32f407/handlers_stm32f4xx.c.o
                0x080026dc                MemManage_Handler
 .text.BusFault_Handler
                0x080026e4        0x8 build/machines/cortex/armv7em/stm32f407/handlers_stm32f4xx.c.o
                0x080026e4                BusFault_Handler
 .text.UsageFault_Handler
                0x080026ec        0x8 build/machines/cortex/armv7em/stm32f407/handlers_stm32f4xx.c.o
                0x080026ec                UsageFault_Handler
 .text.DebugMonitor_Handler
                0x080026f4        0x6 build/machines/cortex/armv7em/stm32f407/handlers_stm32f4xx.c.o
                0x080026f4                DebugMonitor_Handler
 *fill*         0x080026fa        0x2 
 .text.GPIO_Init
                0x080026fc      0x248 build/machines/cortex/armv7em/stm32f407/STM32F4xx_StdPeriph_Driver/stm32f4xx_gpio.c.o
                0x080026fc                GPIO_Init
 .text.GPIO_ReadInputDataBit
                0x08002944      0x13c build/machines/cortex/armv7em/stm32f407/STM32F4xx_StdPeriph_Driver/stm32f4xx_gpio.c.o
                0x08002944                GPIO_ReadInputDataBit
 .text.RCC_AHB1PeriphClockCmd
                0x08002a80       0x74 build/machines/cortex/armv7em/stm32f407/STM32F4xx_StdPeriph_Driver/stm32f4xx_rcc.c.o
                0x08002a80                RCC_AHB1PeriphClockCmd
 .text.RCC_APB2PeriphClockCmd
                0x08002af4       0x74 build/machines/cortex/armv7em/stm32f407/STM32F4xx_StdPeriph_Driver/stm32f4xx_rcc.c.o
                0x08002af4                RCC_APB2PeriphClockCmd
 .text.EXTI_Init
                0x08002b68      0x150 build/machines/cortex/armv7em/stm32f407/STM32F4xx_StdPeriph_Driver/stm32f4xx_exti.c.o
                0x08002b68                EXTI_Init
 .text.SYSCFG_EXTILineConfig
                0x08002cb8      0x134 build/machines/cortex/armv7em/stm32f407/STM32F4xx_StdPeriph_Driver/stm32f4xx_syscfg.c.o
                0x08002cb8                SYSCFG_EXTILineConfig
 .text.NVIC_Init
                0x08002dec       0xfc build/machines/cortex/armv7em/stm32f407/STM32F4xx_StdPeriph_Driver/misc.c.o
                0x08002dec                NVIC_Init
 .text.STM_EVAL_LEDInit
                0x08002ee8       0x5c build/machines/cortex/armv7em/stm32f407/stm32f4discovery/stm32f4_discovery.c.o
                0x08002ee8                STM_EVAL_LEDInit
 .text.STM_EVAL_LEDOn
                0x08002f44       0x30 build/machines/cortex/armv7em/stm32f407/stm32f4discovery/stm32f4_discovery.c.o
                0x08002f44                STM_EVAL_LEDOn
 .text.STM_EVAL_LEDOff
                0x08002f74       0x30 build/machines/cortex/armv7em/stm32f407/stm32f4discovery/stm32f4_discovery.c.o
                0x08002f74                STM_EVAL_LEDOff
 .text.STM_EVAL_LEDToggle
                0x08002fa4       0x3c build/machines/cortex/armv7em/stm32f407/stm32f4discovery/stm32f4_discovery.c.o
                0x08002fa4                STM_EVAL_LEDToggle
 .text.STM_EVAL_PBInit
                0x08002fe0       0x98 build/machines/cortex/armv7em/stm32f407/stm32f4discovery/stm32f4_discovery.c.o
                0x08002fe0                STM_EVAL_PBInit
 .text.STM_EVAL_PBGetState
                0x08003078       0x2c build/machines/cortex/armv7em/stm32f407/stm32f4discovery/stm32f4_discovery.c.o
                0x08003078                STM_EVAL_PBGetState
 *(.glue_7)
 .glue_7        0x080030a4        0x0 linker stubs
 *(.glue_7t)
 .glue_7t       0x080030a4        0x0 linker stubs
 *(.eh_frame)
 *(.init)
 *(.fini)
                0x080030a4                . = ALIGN (0x4)
                0x080030a4                _etext = .
                0x080030a4                _exit = .

.vfp11_veneer   0x080030a4        0x0
 .vfp11_veneer  0x080030a4        0x0 linker stubs

.v4_bx          0x080030a4        0x0
 .v4_bx         0x080030a4        0x0 linker stubs

.iplt           0x080030a4        0x0
 .iplt          0x080030a4        0x0 build/os/tpl_os_kernel.c.o

.after_vectors  0x080030a4       0x98
 .after_vectors
                0x080030a4       0x98 build/machines/cortex/armv7em/stm32f407/startup_stm32f4xx.c.o
                0x080030a4                tpl_continue_reset_handler
                0x080030f0                system_init

.rel.dyn        0x0800313c        0x0
 .rel.iplt      0x0800313c        0x0 build/os/tpl_os_kernel.c.o

.ARM.extab
 *(.ARM.extab* .gnu.linkonce.armextab.*)

.ARM            0x0800313c        0x0
                0x0800313c                __exidx_start = .
 *(.ARM.exidx*)
                0x0800313c                __exidx_end = .

.preinit_array  0x0800313c        0x4
                0x0800313c                PROVIDE (__preinit_array_start = .)
 *(.preinit_array*)
 .preinit_array_sysinit
                0x0800313c        0x4 build/machines/cortex/armv7em/stm32f407/startup_stm32f4xx.c.o
                0x0800313c                p_system_init
                0x08003140                PROVIDE (__preinit_array_end = .)

.init_array     0x08003140        0x0
                0x08003140                PROVIDE (__init_array_start = .)
 *(SORT_BY_NAME(.init_array.*))
 *(.init_array*)
                0x08003140                PROVIDE (__init_array_end = .)

.fini_array     0x08003140        0x0
                0x08003140                PROVIDE (__fini_array_start = .)
 *(.fini_array*)
 *(SORT_BY_NAME(.fini_array.*))
                0x08003140                PROVIDE (__fini_array_end = .)
                0x08003140                _sidata = .

.data           0x20000000      0x174 load address 0x08003140
                0x20000000                . = ALIGN (0x4)
                0x20000000                _sdata = .
 *(.data)
 *(.data*)
 .data.SystemCoreClock
                0x20000000        0x4 build/machines/cortex/armv7em/stm32f407/system_stm32f4xx.c.o
                0x20000000                SystemCoreClock
 .data.GPIO_PORT
                0x20000004       0x10 build/machines/cortex/armv7em/stm32f407/stm32f4discovery/stm32f4_discovery.c.o
                0x20000004                GPIO_PORT
 .data.BUTTON_PORT
                0x20000014        0x4 build/machines/cortex/armv7em/stm32f407/stm32f4discovery/stm32f4_discovery.c.o
                0x20000014                BUTTON_PORT
 .data.previousState.0
                0x20000018        0x1 build/machines/cortex/armv7em/stm32f407/stm32f4discovery/tp.c.o
 *(.osVar)
 *fill*         0x20000019        0x3 
 .osVar         0x2000001c        0x3 build/os/tpl_os_kernel.c.o
                0x2000001c                INTERNAL_RES_SCHEDULER
 .osVar         0x2000001f        0x1 build/os/tpl_os_timeobj_kernel.c.o
 .osVar         0x20000020        0x1 build/os/tpl_os_os_kernel.c.o
 *fill*         0x20000021        0x3 
 .osVar         0x20000024       0x14 build/os/tpl_os_interrupt_kernel.c.o
                0x20000024                tpl_locking_depth
                0x20000028                tpl_user_task_lock
                0x2000002c                tpl_cpt_user_task_lock_All
                0x20000030                tpl_cpt_user_task_lock_OS
                0x20000034                tpl_cpt_os_task_lock
 .osVar         0x20000038      0x13c build/blink/tpl_app_config.c.o
                0x20000038                tpl_kern
                0x20000054                tpl_ready_list
                0x20000064                tpl_tail_for_prio
                0x2000006c                SystemCounter_counter_desc
                0x20000088                res_sched_rez_desc
                0x20000090                tpl_time_counter
                0x20000094                IDLE_TASK_int_context
                0x200000b8                IDLE_TASK_task_desc
                0x200000c0                SWC2_MainTask_int_context
                0x200000e4                SWC2_MainTask_task_desc
                0x200000ec                SWC2_MainTask_task_evts
                0x200000f0                SWC1_Init_int_context
                0x20000114                SWC1_Init_task_desc
                0x2000011c                SWC2_Init_int_context
                0x20000140                SWC2_Init_task_desc
                0x20000148                SWC1_MainTask_int_context
                0x2000016c                SWC1_MainTask_task_desc
 *(.Task_SWC2_MainTask_SEC_VAR_POWER_ON_INIT_32BIT)
 *(.Task_SWC2_MainTask_SEC_VAR_POWER_ON_INIT_16BIT)
 *(.Task_SWC2_MainTask_SEC_VAR_POWER_ON_INIT_8BIT)
 *(.Task_SWC2_MainTask_SEC_VAR_POWER_ON_INIT_BOOLEAN)
 *(.Task_SWC2_MainTask_SEC_VAR_POWER_ON_INIT_UNSPECIFIED)
 *(.Task_SWC1_Init_SEC_VAR_POWER_ON_INIT_32BIT)
 *(.Task_SWC1_Init_SEC_VAR_POWER_ON_INIT_16BIT)
 *(.Task_SWC1_Init_SEC_VAR_POWER_ON_INIT_8BIT)
 *(.Task_SWC1_Init_SEC_VAR_POWER_ON_INIT_BOOLEAN)
 *(.Task_SWC1_Init_SEC_VAR_POWER_ON_INIT_UNSPECIFIED)
 *(.Task_SWC2_Init_SEC_VAR_POWER_ON_INIT_32BIT)
 *(.Task_SWC2_Init_SEC_VAR_POWER_ON_INIT_16BIT)
 *(.Task_SWC2_Init_SEC_VAR_POWER_ON_INIT_8BIT)
 *(.Task_SWC2_Init_SEC_VAR_POWER_ON_INIT_BOOLEAN)
 *(.Task_SWC2_Init_SEC_VAR_POWER_ON_INIT_UNSPECIFIED)
 *(.Task_SWC1_MainTask_SEC_VAR_POWER_ON_INIT_32BIT)
 *(.Task_SWC1_MainTask_SEC_VAR_POWER_ON_INIT_16BIT)
 *(.Task_SWC1_MainTask_SEC_VAR_POWER_ON_INIT_8BIT)
 *(.Task_SWC1_MainTask_SEC_VAR_POWER_ON_INIT_BOOLEAN)
 *(.Task_SWC1_MainTask_SEC_VAR_POWER_ON_INIT_UNSPECIFIED)
                0x20000174                . = ALIGN (0x4)
                0x20000174                _edata = .

.igot.plt       0x20000174        0x0 load address 0x080032b4
 .igot.plt      0x20000174        0x0 build/os/tpl_os_kernel.c.o

.Task_IDLE_TASKStack
                0x20000174      0x12c load address 0x080032b4
 .Task_IDLE_TASKStack
                0x20000174      0x12c build/blink/tpl_app_config.c.o
                0x20000174                IDLE_TASK_stack_zone

.Task_SWC2_MainTask_SEC_VAR
                0x200002a0        0x0
                0x200002a0                . = ALIGN (__SEG_ALIGN_Task_SWC2_MainTask_VAR_RGN)
                0x200002a0                __SEG_START_Task_SWC2_MainTask_VAR_RGN = .
 *(.Task_SWC2_MainTask_SEC_VAR_NOINIT_32BIT)
 *(.Task_SWC2_MainTask_SEC_VAR_FAST_32BIT)
 *(.Task_SWC2_MainTask_SEC_VAR_32BIT)
 *(.Task_SWC2_MainTask_SEC_VAR_NOINIT_16BIT)
 *(.Task_SWC2_MainTask_SEC_VAR_FAST_16BIT)
 *(.Task_SWC2_MainTask_SEC_VAR_16BIT)
 *(.Task_SWC2_MainTask_SEC_VAR_NOINIT_8BIT)
 *(.Task_SWC2_MainTask_SEC_VAR_FAST_8BIT)
 *(.Task_SWC2_MainTask_SEC_VAR_8BIT)
 *(.Task_SWC2_MainTask_SEC_VAR_NOINIT_BOOLEAN)
 *(.Task_SWC2_MainTask_SEC_VAR_FAST_BOOLEAN)
 *(.Task_SWC2_MainTask_SEC_VAR_BOOLEAN)
 *(.Task_SWC2_MainTask_SEC_VAR_NOINIT_UNSPECIFIED)
 *(.Task_SWC2_MainTask_SEC_VAR_FAST_UNSPECIFIED)
 *(.Task_SWC2_MainTask_SEC_VAR_UNSPECIFIED)
                0x200002a0                __SEG_END_Task_SWC2_MainTask_VAR_RGN = .
                0x200002c0                __SEG_SIZE_Task_SWC2_MainTask_VAR_RGN = ((__SEG_END_Task_SWC2_MainTask_VAR_RGN - __SEG_START_Task_SWC2_MainTask_VAR_RGN) < 0x1000)?0x1000:__SEG_SIZE_Task_SWC2_MainTask_VAR_RGN
                0x200002c0                __SEG_SIZE_Task_SWC2_MainTask_VAR_RGN = ((__SEG_END_Task_SWC2_MainTask_VAR_RGN - __SEG_START_Task_SWC2_MainTask_VAR_RGN) < 0x400)?0x400:__SEG_SIZE_Task_SWC2_MainTask_VAR_RGN
                0x200002c0                __SEG_SIZE_Task_SWC2_MainTask_VAR_RGN = ((__SEG_END_Task_SWC2_MainTask_VAR_RGN - __SEG_START_Task_SWC2_MainTask_VAR_RGN) < 0x200)?0x200:__SEG_SIZE_Task_SWC2_MainTask_VAR_RGN
                0x200002c0                __SEG_SIZE_Task_SWC2_MainTask_VAR_RGN = ((__SEG_END_Task_SWC2_MainTask_VAR_RGN - __SEG_START_Task_SWC2_MainTask_VAR_RGN) < 0x100)?0x100:__SEG_SIZE_Task_SWC2_MainTask_VAR_RGN
                0x200002c0                __SEG_SIZE_Task_SWC2_MainTask_VAR_RGN = ((__SEG_END_Task_SWC2_MainTask_VAR_RGN - __SEG_START_Task_SWC2_MainTask_VAR_RGN) < 0x80)?0x80:__SEG_SIZE_Task_SWC2_MainTask_VAR_RGN
                0x200002c0                __SEG_SIZE_Task_SWC2_MainTask_VAR_RGN = ((__SEG_END_Task_SWC2_MainTask_VAR_RGN - __SEG_START_Task_SWC2_MainTask_VAR_RGN) < 0x40)?0x40:__SEG_SIZE_Task_SWC2_MainTask_VAR_RGN
                0x200002c0                __SEG_SIZE_Task_SWC2_MainTask_VAR_RGN = ((__SEG_END_Task_SWC2_MainTask_VAR_RGN - __SEG_START_Task_SWC2_MainTask_VAR_RGN) < 0x20)?0x20:__SEG_SIZE_Task_SWC2_MainTask_VAR_RGN
                0x200002c0                __SEG_ALIGN_Task_SWC2_MainTask_VAR_RGN = __SEG_SIZE_Task_SWC2_MainTask_VAR_RGN

.Task_SWC1_Init_SEC_VAR
                0x200002a0        0x0
                0x200002a0                . = ALIGN (__SEG_ALIGN_Task_SWC1_Init_VAR_RGN)
                0x200002a0                __SEG_START_Task_SWC1_Init_VAR_RGN = .
 *(.Task_SWC1_Init_SEC_VAR_NOINIT_32BIT)
 *(.Task_SWC1_Init_SEC_VAR_FAST_32BIT)
 *(.Task_SWC1_Init_SEC_VAR_32BIT)
 *(.Task_SWC1_Init_SEC_VAR_NOINIT_16BIT)
 *(.Task_SWC1_Init_SEC_VAR_FAST_16BIT)
 *(.Task_SWC1_Init_SEC_VAR_16BIT)
 *(.Task_SWC1_Init_SEC_VAR_NOINIT_8BIT)
 *(.Task_SWC1_Init_SEC_VAR_FAST_8BIT)
 *(.Task_SWC1_Init_SEC_VAR_8BIT)
 *(.Task_SWC1_Init_SEC_VAR_NOINIT_BOOLEAN)
 *(.Task_SWC1_Init_SEC_VAR_FAST_BOOLEAN)
 *(.Task_SWC1_Init_SEC_VAR_BOOLEAN)
 *(.Task_SWC1_Init_SEC_VAR_NOINIT_UNSPECIFIED)
 *(.Task_SWC1_Init_SEC_VAR_FAST_UNSPECIFIED)
 *(.Task_SWC1_Init_SEC_VAR_UNSPECIFIED)
                0x200002a0                __SEG_END_Task_SWC1_Init_VAR_RGN = .
                0x200002c0                __SEG_SIZE_Task_SWC1_Init_VAR_RGN = ((__SEG_END_Task_SWC1_Init_VAR_RGN - __SEG_START_Task_SWC1_Init_VAR_RGN) < 0x1000)?0x1000:__SEG_SIZE_Task_SWC1_Init_VAR_RGN
                0x200002c0                __SEG_SIZE_Task_SWC1_Init_VAR_RGN = ((__SEG_END_Task_SWC1_Init_VAR_RGN - __SEG_START_Task_SWC1_Init_VAR_RGN) < 0x400)?0x400:__SEG_SIZE_Task_SWC1_Init_VAR_RGN
                0x200002c0                __SEG_SIZE_Task_SWC1_Init_VAR_RGN = ((__SEG_END_Task_SWC1_Init_VAR_RGN - __SEG_START_Task_SWC1_Init_VAR_RGN) < 0x200)?0x200:__SEG_SIZE_Task_SWC1_Init_VAR_RGN
                0x200002c0                __SEG_SIZE_Task_SWC1_Init_VAR_RGN = ((__SEG_END_Task_SWC1_Init_VAR_RGN - __SEG_START_Task_SWC1_Init_VAR_RGN) < 0x100)?0x100:__SEG_SIZE_Task_SWC1_Init_VAR_RGN
                0x200002c0                __SEG_SIZE_Task_SWC1_Init_VAR_RGN = ((__SEG_END_Task_SWC1_Init_VAR_RGN - __SEG_START_Task_SWC1_Init_VAR_RGN) < 0x80)?0x80:__SEG_SIZE_Task_SWC1_Init_VAR_RGN
                0x200002c0                __SEG_SIZE_Task_SWC1_Init_VAR_RGN = ((__SEG_END_Task_SWC1_Init_VAR_RGN - __SEG_START_Task_SWC1_Init_VAR_RGN) < 0x40)?0x40:__SEG_SIZE_Task_SWC1_Init_VAR_RGN
                0x200002c0                __SEG_SIZE_Task_SWC1_Init_VAR_RGN = ((__SEG_END_Task_SWC1_Init_VAR_RGN - __SEG_START_Task_SWC1_Init_VAR_RGN) < 0x20)?0x20:__SEG_SIZE_Task_SWC1_Init_VAR_RGN
                0x200002c0                __SEG_ALIGN_Task_SWC1_Init_VAR_RGN = __SEG_SIZE_Task_SWC1_Init_VAR_RGN

.Task_SWC2_Init_SEC_VAR
                0x200002a0        0x0
                0x200002a0                . = ALIGN (__SEG_ALIGN_Task_SWC2_Init_VAR_RGN)
                0x200002a0                __SEG_START_Task_SWC2_Init_VAR_RGN = .
 *(.Task_SWC2_Init_SEC_VAR_NOINIT_32BIT)
 *(.Task_SWC2_Init_SEC_VAR_FAST_32BIT)
 *(.Task_SWC2_Init_SEC_VAR_32BIT)
 *(.Task_SWC2_Init_SEC_VAR_NOINIT_16BIT)
 *(.Task_SWC2_Init_SEC_VAR_FAST_16BIT)
 *(.Task_SWC2_Init_SEC_VAR_16BIT)
 *(.Task_SWC2_Init_SEC_VAR_NOINIT_8BIT)
 *(.Task_SWC2_Init_SEC_VAR_FAST_8BIT)
 *(.Task_SWC2_Init_SEC_VAR_8BIT)
 *(.Task_SWC2_Init_SEC_VAR_NOINIT_BOOLEAN)
 *(.Task_SWC2_Init_SEC_VAR_FAST_BOOLEAN)
 *(.Task_SWC2_Init_SEC_VAR_BOOLEAN)
 *(.Task_SWC2_Init_SEC_VAR_NOINIT_UNSPECIFIED)
 *(.Task_SWC2_Init_SEC_VAR_FAST_UNSPECIFIED)
 *(.Task_SWC2_Init_SEC_VAR_UNSPECIFIED)
                0x200002a0                __SEG_END_Task_SWC2_Init_VAR_RGN = .
                0x200002c0                __SEG_SIZE_Task_SWC2_Init_VAR_RGN = ((__SEG_END_Task_SWC2_Init_VAR_RGN - __SEG_START_Task_SWC2_Init_VAR_RGN) < 0x1000)?0x1000:__SEG_SIZE_Task_SWC2_Init_VAR_RGN
                0x200002c0                __SEG_SIZE_Task_SWC2_Init_VAR_RGN = ((__SEG_END_Task_SWC2_Init_VAR_RGN - __SEG_START_Task_SWC2_Init_VAR_RGN) < 0x400)?0x400:__SEG_SIZE_Task_SWC2_Init_VAR_RGN
                0x200002c0                __SEG_SIZE_Task_SWC2_Init_VAR_RGN = ((__SEG_END_Task_SWC2_Init_VAR_RGN - __SEG_START_Task_SWC2_Init_VAR_RGN) < 0x200)?0x200:__SEG_SIZE_Task_SWC2_Init_VAR_RGN
                0x200002c0                __SEG_SIZE_Task_SWC2_Init_VAR_RGN = ((__SEG_END_Task_SWC2_Init_VAR_RGN - __SEG_START_Task_SWC2_Init_VAR_RGN) < 0x100)?0x100:__SEG_SIZE_Task_SWC2_Init_VAR_RGN
                0x200002c0                __SEG_SIZE_Task_SWC2_Init_VAR_RGN = ((__SEG_END_Task_SWC2_Init_VAR_RGN - __SEG_START_Task_SWC2_Init_VAR_RGN) < 0x80)?0x80:__SEG_SIZE_Task_SWC2_Init_VAR_RGN
                0x200002c0                __SEG_SIZE_Task_SWC2_Init_VAR_RGN = ((__SEG_END_Task_SWC2_Init_VAR_RGN - __SEG_START_Task_SWC2_Init_VAR_RGN) < 0x40)?0x40:__SEG_SIZE_Task_SWC2_Init_VAR_RGN
                0x200002c0                __SEG_SIZE_Task_SWC2_Init_VAR_RGN = ((__SEG_END_Task_SWC2_Init_VAR_RGN - __SEG_START_Task_SWC2_Init_VAR_RGN) < 0x20)?0x20:__SEG_SIZE_Task_SWC2_Init_VAR_RGN
                0x200002c0                __SEG_ALIGN_Task_SWC2_Init_VAR_RGN = __SEG_SIZE_Task_SWC2_Init_VAR_RGN

.Task_SWC1_MainTask_SEC_VAR
                0x200002a0        0x0
                0x200002a0                . = ALIGN (__SEG_ALIGN_Task_SWC1_MainTask_VAR_RGN)
                0x200002a0                __SEG_START_Task_SWC1_MainTask_VAR_RGN = .
 *(.Task_SWC1_MainTask_SEC_VAR_NOINIT_32BIT)
 *(.Task_SWC1_MainTask_SEC_VAR_FAST_32BIT)
 *(.Task_SWC1_MainTask_SEC_VAR_32BIT)
 *(.Task_SWC1_MainTask_SEC_VAR_NOINIT_16BIT)
 *(.Task_SWC1_MainTask_SEC_VAR_FAST_16BIT)
 *(.Task_SWC1_MainTask_SEC_VAR_16BIT)
 *(.Task_SWC1_MainTask_SEC_VAR_NOINIT_8BIT)
 *(.Task_SWC1_MainTask_SEC_VAR_FAST_8BIT)
 *(.Task_SWC1_MainTask_SEC_VAR_8BIT)
 *(.Task_SWC1_MainTask_SEC_VAR_NOINIT_BOOLEAN)
 *(.Task_SWC1_MainTask_SEC_VAR_FAST_BOOLEAN)
 *(.Task_SWC1_MainTask_SEC_VAR_BOOLEAN)
 *(.Task_SWC1_MainTask_SEC_VAR_NOINIT_UNSPECIFIED)
 *(.Task_SWC1_MainTask_SEC_VAR_FAST_UNSPECIFIED)
 *(.Task_SWC1_MainTask_SEC_VAR_UNSPECIFIED)
                0x200002a0                __SEG_END_Task_SWC1_MainTask_VAR_RGN = .
                0x200002c0                __SEG_SIZE_Task_SWC1_MainTask_VAR_RGN = ((__SEG_END_Task_SWC1_MainTask_VAR_RGN - __SEG_START_Task_SWC1_MainTask_VAR_RGN) < 0x1000)?0x1000:__SEG_SIZE_Task_SWC1_MainTask_VAR_RGN
                0x200002c0                __SEG_SIZE_Task_SWC1_MainTask_VAR_RGN = ((__SEG_END_Task_SWC1_MainTask_VAR_RGN - __SEG_START_Task_SWC1_MainTask_VAR_RGN) < 0x400)?0x400:__SEG_SIZE_Task_SWC1_MainTask_VAR_RGN
                0x200002c0                __SEG_SIZE_Task_SWC1_MainTask_VAR_RGN = ((__SEG_END_Task_SWC1_MainTask_VAR_RGN - __SEG_START_Task_SWC1_MainTask_VAR_RGN) < 0x200)?0x200:__SEG_SIZE_Task_SWC1_MainTask_VAR_RGN
                0x200002c0                __SEG_SIZE_Task_SWC1_MainTask_VAR_RGN = ((__SEG_END_Task_SWC1_MainTask_VAR_RGN - __SEG_START_Task_SWC1_MainTask_VAR_RGN) < 0x100)?0x100:__SEG_SIZE_Task_SWC1_MainTask_VAR_RGN
                0x200002c0                __SEG_SIZE_Task_SWC1_MainTask_VAR_RGN = ((__SEG_END_Task_SWC1_MainTask_VAR_RGN - __SEG_START_Task_SWC1_MainTask_VAR_RGN) < 0x80)?0x80:__SEG_SIZE_Task_SWC1_MainTask_VAR_RGN
                0x200002c0                __SEG_SIZE_Task_SWC1_MainTask_VAR_RGN = ((__SEG_END_Task_SWC1_MainTask_VAR_RGN - __SEG_START_Task_SWC1_MainTask_VAR_RGN) < 0x40)?0x40:__SEG_SIZE_Task_SWC1_MainTask_VAR_RGN
                0x200002c0                __SEG_SIZE_Task_SWC1_MainTask_VAR_RGN = ((__SEG_END_Task_SWC1_MainTask_VAR_RGN - __SEG_START_Task_SWC1_MainTask_VAR_RGN) < 0x20)?0x20:__SEG_SIZE_Task_SWC1_MainTask_VAR_RGN
                0x200002c0                __SEG_ALIGN_Task_SWC1_MainTask_VAR_RGN = __SEG_SIZE_Task_SWC1_MainTask_VAR_RGN

.Task_SWC2_MainTask_SEC_STACK
                0x200002a0      0x28c load address 0x080033e0
                0x20000400                . = ALIGN (__SEG_ALIGN_Task_SWC2_MainTask_STACK_RGN)
 *fill*         0x200002a0      0x160 
                0x20000400                __SEG_START_Task_SWC2_MainTask_STACK_RGN = .
 *(.Task_SWC2_MainTaskStack)
 .Task_SWC2_MainTaskStack
                0x20000400      0x12c build/blink/tpl_app_config.c.o
                0x20000400                SWC2_MainTask_stack_zone
                0x2000052c                . = ALIGN (0x4)
                0x2000052c                __SEG_END_Task_SWC2_MainTask_STACK_RGN = .
                0x200004a0                __SEG_SIZE_Task_SWC2_MainTask_STACK_RGN = ((__SEG_END_Task_SWC2_MainTask_STACK_RGN - __SEG_START_Task_SWC2_MainTask_STACK_RGN) < 0x1000)?0x1000:__SEG_SIZE_Task_SWC2_MainTask_STACK_RGN
                0x200004a0                __SEG_SIZE_Task_SWC2_MainTask_STACK_RGN = ((__SEG_END_Task_SWC2_MainTask_STACK_RGN - __SEG_START_Task_SWC2_MainTask_STACK_RGN) < 0x400)?0x400:__SEG_SIZE_Task_SWC2_MainTask_STACK_RGN
                0x200004a0                __SEG_SIZE_Task_SWC2_MainTask_STACK_RGN = ((__SEG_END_Task_SWC2_MainTask_STACK_RGN - __SEG_START_Task_SWC2_MainTask_STACK_RGN) < 0x200)?0x200:__SEG_SIZE_Task_SWC2_MainTask_STACK_RGN
                [0x200004a0]                __SEG_SIZE_Task_SWC2_MainTask_STACK_RGN = ((__SEG_END_Task_SWC2_MainTask_STACK_RGN - __SEG_START_Task_SWC2_MainTask_STACK_RGN) < 0x100)?0x100:__SEG_SIZE_Task_SWC2_MainTask_STACK_RGN
                [0x200004a0]                __SEG_SIZE_Task_SWC2_MainTask_STACK_RGN = ((__SEG_END_Task_SWC2_MainTask_STACK_RGN - __SEG_START_Task_SWC2_MainTask_STACK_RGN) < 0x80)?0x80:__SEG_SIZE_Task_SWC2_MainTask_STACK_RGN
                [0x200004a0]                __SEG_SIZE_Task_SWC2_MainTask_STACK_RGN = ((__SEG_END_Task_SWC2_MainTask_STACK_RGN - __SEG_START_Task_SWC2_MainTask_STACK_RGN) < 0x40)?0x40:__SEG_SIZE_Task_SWC2_MainTask_STACK_RGN
                [0x200004a0]                __SEG_SIZE_Task_SWC2_MainTask_STACK_RGN = ((__SEG_END_Task_SWC2_MainTask_STACK_RGN - __SEG_START_Task_SWC2_MainTask_STACK_RGN) < 0x20)?0x20:__SEG_SIZE_Task_SWC2_MainTask_STACK_RGN
                0x200004a0                __SEG_ALIGN_Task_SWC2_MainTask_STACK_RGN = __SEG_SIZE_Task_SWC2_MainTask_STACK_RGN

.Task_SWC1_Init_SEC_STACK
                0x2000052c      0x200 load address 0x0800366c
                0x20000600                . = ALIGN (__SEG_ALIGN_Task_SWC1_Init_STACK_RGN)
 *fill*         0x2000052c       0xd4 
                0x20000600                __SEG_START_Task_SWC1_Init_STACK_RGN = .
 *(.Task_SWC1_InitStack)
 .Task_SWC1_InitStack
                0x20000600      0x12c build/blink/tpl_app_config.c.o
                0x20000600                SWC1_Init_stack_zone
                0x2000072c                . = ALIGN (0x4)
                0x2000072c                __SEG_END_Task_SWC1_Init_STACK_RGN = .
                0x2000072c                __SEG_SIZE_Task_SWC1_Init_STACK_RGN = ((__SEG_END_Task_SWC1_Init_STACK_RGN - __SEG_START_Task_SWC1_Init_STACK_RGN) < 0x1000)?0x1000:__SEG_SIZE_Task_SWC1_Init_STACK_RGN
                0x2000072c                __SEG_SIZE_Task_SWC1_Init_STACK_RGN = ((__SEG_END_Task_SWC1_Init_STACK_RGN - __SEG_START_Task_SWC1_Init_STACK_RGN) < 0x400)?0x400:__SEG_SIZE_Task_SWC1_Init_STACK_RGN
                0x2000072c                __SEG_SIZE_Task_SWC1_Init_STACK_RGN = ((__SEG_END_Task_SWC1_Init_STACK_RGN - __SEG_START_Task_SWC1_Init_STACK_RGN) < 0x200)?0x200:__SEG_SIZE_Task_SWC1_Init_STACK_RGN
                [0x2000072c]                __SEG_SIZE_Task_SWC1_Init_STACK_RGN = ((__SEG_END_Task_SWC1_Init_STACK_RGN - __SEG_START_Task_SWC1_Init_STACK_RGN) < 0x100)?0x100:__SEG_SIZE_Task_SWC1_Init_STACK_RGN
                [0x2000072c]                __SEG_SIZE_Task_SWC1_Init_STACK_RGN = ((__SEG_END_Task_SWC1_Init_STACK_RGN - __SEG_START_Task_SWC1_Init_STACK_RGN) < 0x80)?0x80:__SEG_SIZE_Task_SWC1_Init_STACK_RGN
                [0x2000072c]                __SEG_SIZE_Task_SWC1_Init_STACK_RGN = ((__SEG_END_Task_SWC1_Init_STACK_RGN - __SEG_START_Task_SWC1_Init_STACK_RGN) < 0x40)?0x40:__SEG_SIZE_Task_SWC1_Init_STACK_RGN
                [0x2000072c]                __SEG_SIZE_Task_SWC1_Init_STACK_RGN = ((__SEG_END_Task_SWC1_Init_STACK_RGN - __SEG_START_Task_SWC1_Init_STACK_RGN) < 0x20)?0x20:__SEG_SIZE_Task_SWC1_Init_STACK_RGN
                0x2000072c                __SEG_ALIGN_Task_SWC1_Init_STACK_RGN = __SEG_SIZE_Task_SWC1_Init_STACK_RGN

.Task_SWC2_Init_SEC_STACK
                0x2000072c      0x200 load address 0x0800386c
                0x20000800                . = ALIGN (__SEG_ALIGN_Task_SWC2_Init_STACK_RGN)
 *fill*         0x2000072c       0xd4 
                0x20000800                __SEG_START_Task_SWC2_Init_STACK_RGN = .
 *(.Task_SWC2_InitStack)
 .Task_SWC2_InitStack
                0x20000800      0x12c build/blink/tpl_app_config.c.o
                0x20000800                SWC2_Init_stack_zone
                0x2000092c                . = ALIGN (0x4)
                0x2000092c                __SEG_END_Task_SWC2_Init_STACK_RGN = .
                0x2000092c                __SEG_SIZE_Task_SWC2_Init_STACK_RGN = ((__SEG_END_Task_SWC2_Init_STACK_RGN - __SEG_START_Task_SWC2_Init_STACK_RGN) < 0x1000)?0x1000:__SEG_SIZE_Task_SWC2_Init_STACK_RGN
                0x2000092c                __SEG_SIZE_Task_SWC2_Init_STACK_RGN = ((__SEG_END_Task_SWC2_Init_STACK_RGN - __SEG_START_Task_SWC2_Init_STACK_RGN) < 0x400)?0x400:__SEG_SIZE_Task_SWC2_Init_STACK_RGN
                0x2000092c                __SEG_SIZE_Task_SWC2_Init_STACK_RGN = ((__SEG_END_Task_SWC2_Init_STACK_RGN - __SEG_START_Task_SWC2_Init_STACK_RGN) < 0x200)?0x200:__SEG_SIZE_Task_SWC2_Init_STACK_RGN
                [0x2000092c]                __SEG_SIZE_Task_SWC2_Init_STACK_RGN = ((__SEG_END_Task_SWC2_Init_STACK_RGN - __SEG_START_Task_SWC2_Init_STACK_RGN) < 0x100)?0x100:__SEG_SIZE_Task_SWC2_Init_STACK_RGN
                [0x2000092c]                __SEG_SIZE_Task_SWC2_Init_STACK_RGN = ((__SEG_END_Task_SWC2_Init_STACK_RGN - __SEG_START_Task_SWC2_Init_STACK_RGN) < 0x80)?0x80:__SEG_SIZE_Task_SWC2_Init_STACK_RGN
                [0x2000092c]                __SEG_SIZE_Task_SWC2_Init_STACK_RGN = ((__SEG_END_Task_SWC2_Init_STACK_RGN - __SEG_START_Task_SWC2_Init_STACK_RGN) < 0x40)?0x40:__SEG_SIZE_Task_SWC2_Init_STACK_RGN
                [0x2000092c]                __SEG_SIZE_Task_SWC2_Init_STACK_RGN = ((__SEG_END_Task_SWC2_Init_STACK_RGN - __SEG_START_Task_SWC2_Init_STACK_RGN) < 0x20)?0x20:__SEG_SIZE_Task_SWC2_Init_STACK_RGN
                0x2000092c                __SEG_ALIGN_Task_SWC2_Init_STACK_RGN = __SEG_SIZE_Task_SWC2_Init_STACK_RGN

.Task_SWC1_MainTask_SEC_STACK
                0x2000092c      0x200 load address 0x08003a6c
                0x20000a00                . = ALIGN (__SEG_ALIGN_Task_SWC1_MainTask_STACK_RGN)
 *fill*         0x2000092c       0xd4 
                0x20000a00                __SEG_START_Task_SWC1_MainTask_STACK_RGN = .
 *(.Task_SWC1_MainTaskStack)
 .Task_SWC1_MainTaskStack
                0x20000a00      0x12c build/blink/tpl_app_config.c.o
                0x20000a00                SWC1_MainTask_stack_zone
                0x20000b2c                . = ALIGN (0x4)
                0x20000b2c                __SEG_END_Task_SWC1_MainTask_STACK_RGN = .
                0x20000b2c                __SEG_SIZE_Task_SWC1_MainTask_STACK_RGN = ((__SEG_END_Task_SWC1_MainTask_STACK_RGN - __SEG_START_Task_SWC1_MainTask_STACK_RGN) < 0x1000)?0x1000:__SEG_SIZE_Task_SWC1_MainTask_STACK_RGN
                0x20000b2c                __SEG_SIZE_Task_SWC1_MainTask_STACK_RGN = ((__SEG_END_Task_SWC1_MainTask_STACK_RGN - __SEG_START_Task_SWC1_MainTask_STACK_RGN) < 0x400)?0x400:__SEG_SIZE_Task_SWC1_MainTask_STACK_RGN
                0x20000b2c                __SEG_SIZE_Task_SWC1_MainTask_STACK_RGN = ((__SEG_END_Task_SWC1_MainTask_STACK_RGN - __SEG_START_Task_SWC1_MainTask_STACK_RGN) < 0x200)?0x200:__SEG_SIZE_Task_SWC1_MainTask_STACK_RGN
                [0x20000b2c]                __SEG_SIZE_Task_SWC1_MainTask_STACK_RGN = ((__SEG_END_Task_SWC1_MainTask_STACK_RGN - __SEG_START_Task_SWC1_MainTask_STACK_RGN) < 0x100)?0x100:__SEG_SIZE_Task_SWC1_MainTask_STACK_RGN
                [0x20000b2c]                __SEG_SIZE_Task_SWC1_MainTask_STACK_RGN = ((__SEG_END_Task_SWC1_MainTask_STACK_RGN - __SEG_START_Task_SWC1_MainTask_STACK_RGN) < 0x80)?0x80:__SEG_SIZE_Task_SWC1_MainTask_STACK_RGN
                [0x20000b2c]                __SEG_SIZE_Task_SWC1_MainTask_STACK_RGN = ((__SEG_END_Task_SWC1_MainTask_STACK_RGN - __SEG_START_Task_SWC1_MainTask_STACK_RGN) < 0x40)?0x40:__SEG_SIZE_Task_SWC1_MainTask_STACK_RGN
                [0x20000b2c]                __SEG_SIZE_Task_SWC1_MainTask_STACK_RGN = ((__SEG_END_Task_SWC1_MainTask_STACK_RGN - __SEG_START_Task_SWC1_MainTask_STACK_RGN) < 0x20)?0x20:__SEG_SIZE_Task_SWC1_MainTask_STACK_RGN
                0x20000b2c                __SEG_ALIGN_Task_SWC1_MainTask_STACK_RGN = __SEG_SIZE_Task_SWC1_MainTask_STACK_RGN

appvars
                0x20000b2c                . = ALIGN (0x4)

.bss            0x20000b2c        0x0
                0x20000b2c                _sbss = .
                0x20000b2c                __bss_start__ = _sbss
 *(.bss)
 *(.bss*)
 *(COMMON)
                0x20000b2c                . = ALIGN (0x4)
                0x20000b2c                _ebss = .
                0x20000b2c                __bss_end__ = _ebss

._user_heap_stack
                0x20000b2c      0x400 load address 0x08003c6c
                0x20000b2c                . = ALIGN (0x4)
                0x20000b2c                __heap_start__ = .
                [!provide]                PROVIDE (end = .)
                [!provide]                PROVIDE (_end = .)
                0x20000b2c                . = (. + _Min_Heap_Size)
                0x20000f2c                . = (. + _Min_Stack_Size)
 *fill*         0x20000b2c      0x400 
                0x20000f2c                . = ALIGN (0x4)

.memory_b1_text
 *(.mb1text)
 *(.mb1text*)
 *(.mb1rodata)
 *(.mb1rodata*)

/DISCARD/
 libc.a(*)
 libm.a(*)
 libgcc.a(*)

.ARM.attributes
                0x00000000       0x30
 *(.ARM.attributes)
 .ARM.attributes
                0x00000000       0x2e build/os/tpl_os_kernel.c.o
 .ARM.attributes
                0x0000002e       0x2e build/os/tpl_os_timeobj_kernel.c.o
 .ARM.attributes
                0x0000005c       0x2e build/os/tpl_os_os_kernel.c.o
 .ARM.attributes
                0x0000008a       0x2e build/os/tpl_os_os.c.o
 .ARM.attributes
                0x000000b8       0x2e build/os/tpl_os_interrupt_kernel.c.o
 .ARM.attributes
                0x000000e6       0x2e build/os/tpl_os_task_kernel.c.o
 .ARM.attributes
                0x00000114       0x2e build/os/tpl_os_resource_kernel.c.o
 .ARM.attributes
                0x00000142       0x2e build/os/tpl_os_event_kernel.c.o
 .ARM.attributes
                0x00000170       0x2e build/blink.c.o
 .ARM.attributes
                0x0000019e       0x2e build/blink/tpl_app_config.c.o
 .ARM.attributes
                0x000001cc       0x37 build/blink/tpl_dispatch_table.c.o
 .ARM.attributes
                0x00000203       0x20 build/blink/tpl_invoque.S.o
 .ARM.attributes
                0x00000223       0x20 build/blink/tpl_primary_irq.S.o
 .ARM.attributes
                0x00000243       0x37 build/blink/tpl_vectors.c.o
 .ARM.attributes
                0x0000027a       0x2e build/blink/tpl_external_interrupts.c.o
 .ARM.attributes
                0x000002a8       0x2e build/blink/tpl_app_interrupts.c.o
 .ARM.attributes
                0x000002d6       0x2e build/machines/cortex/tpl_machine_cortex.c.o
 .ARM.attributes
                0x00000304       0x20 build/machines/cortex/tpl_sc_handler.S.o
 .ARM.attributes
                0x00000324       0x20 build/machines/cortex/tpl_startup.S.o
 .ARM.attributes
                0x00000344       0x20 build/machines/cortex/armv7em/tpl_ctx_switch.S.o
 .ARM.attributes
                0x00000364       0x20 build/machines/cortex/armv7em/tpl_ctx_switch_under_it.S.o
 .ARM.attributes
                0x00000384       0x20 build/machines/cortex/armv7em/tpl_interrupts.S.o
 .ARM.attributes
                0x000003a4       0x2e build/machines/cortex/armv7em/stm32f407/tpl_machine_stm32f407.c.o
 .ARM.attributes
                0x000003d2       0x2e build/machines/cortex/armv7em/stm32f407/startup_stm32f4xx.c.o
 .ARM.attributes
                0x00000400       0x2e build/machines/cortex/armv7em/stm32f407/system_stm32f4xx.c.o
 .ARM.attributes
                0x0000042e       0x2e build/machines/cortex/armv7em/stm32f407/handlers_stm32f4xx.c.o
 .ARM.attributes
                0x0000045c       0x2e build/machines/cortex/armv7em/stm32f407/STM32F4xx_StdPeriph_Driver/stm32f4xx_gpio.c.o
 .ARM.attributes
                0x0000048a       0x2e build/machines/cortex/armv7em/stm32f407/STM32F4xx_StdPeriph_Driver/stm32f4xx_rcc.c.o
 .ARM.attributes
                0x000004b8       0x2e build/machines/cortex/armv7em/stm32f407/STM32F4xx_StdPeriph_Driver/stm32f4xx_exti.c.o
 .ARM.attributes
                0x000004e6       0x2e build/machines/cortex/armv7em/stm32f407/STM32F4xx_StdPeriph_Driver/stm32f4xx_syscfg.c.o
 .ARM.attributes
                0x00000514       0x2e build/machines/cortex/armv7em/stm32f407/STM32F4xx_StdPeriph_Driver/misc.c.o
 .ARM.attributes
                0x00000542       0x2e build/machines/cortex/armv7em/stm32f407/stm32f4discovery/stm32f4_discovery.c.o
 .ARM.attributes
                0x00000570       0x2e build/machines/cortex/armv7em/stm32f407/stm32f4discovery/tp.c.o
LOAD c:/program files (x86)/gnu arm embedded toolchain/10 2020-q4-major/bin/../lib/gcc/arm-none-eabi/10.2.1/../../../../arm-none-eabi/lib/thumb/v7e-m/nofp\libc.a
LOAD c:/program files (x86)/gnu arm embedded toolchain/10 2020-q4-major/bin/../lib/gcc/arm-none-eabi/10.2.1/thumb/v7e-m/nofp\libgcc.a
OUTPUT(blink_exe elf32-littlearm)
LOAD linker stubs
LOAD c:/program files (x86)/gnu arm embedded toolchain/10 2020-q4-major/bin/../lib/gcc/arm-none-eabi/10.2.1/../../../../arm-none-eabi/lib/thumb/v7e-m/nofp\libc.a
LOAD c:/program files (x86)/gnu arm embedded toolchain/10 2020-q4-major/bin/../lib/gcc/arm-none-eabi/10.2.1/../../../../arm-none-eabi/lib/thumb/v7e-m/nofp\libm.a
LOAD c:/program files (x86)/gnu arm embedded toolchain/10 2020-q4-major/bin/../lib/gcc/arm-none-eabi/10.2.1/thumb/v7e-m/nofp\libgcc.a

.debug_info     0x00000000     0x874c
 .debug_info    0x00000000      0xbef build/os/tpl_os_kernel.c.o
 .debug_info    0x00000bef      0x3d9 build/os/tpl_os_timeobj_kernel.c.o
 .debug_info    0x00000fc8      0x17a build/os/tpl_os_os_kernel.c.o
 .debug_info    0x00001142       0xb7 build/os/tpl_os_os.c.o
 .debug_info    0x000011f9      0x52c build/os/tpl_os_interrupt_kernel.c.o
 .debug_info    0x00001725      0x580 build/os/tpl_os_task_kernel.c.o
 .debug_info    0x00001ca5      0x5b0 build/os/tpl_os_resource_kernel.c.o
 .debug_info    0x00002255      0x5b3 build/os/tpl_os_event_kernel.c.o
 .debug_info    0x00002808      0x340 build/blink.c.o
 .debug_info    0x00002b48      0xb0c build/blink/tpl_app_config.c.o
 .debug_info    0x00003654       0xab build/blink/tpl_dispatch_table.c.o
 .debug_info    0x000036ff       0x26 build/blink/tpl_invoque.S.o
 .debug_info    0x00003725       0x26 build/blink/tpl_primary_irq.S.o
 .debug_info    0x0000374b       0xc0 build/blink/tpl_vectors.c.o
 .debug_info    0x0000380b      0x29e build/blink/tpl_external_interrupts.c.o
 .debug_info    0x00003aa9       0xa2 build/blink/tpl_app_interrupts.c.o
 .debug_info    0x00003b4b      0xa23 build/machines/cortex/tpl_machine_cortex.c.o
 .debug_info    0x0000456e       0x26 build/machines/cortex/tpl_sc_handler.S.o
 .debug_info    0x00004594       0x26 build/machines/cortex/tpl_startup.S.o
 .debug_info    0x000045ba       0x26 build/machines/cortex/armv7em/tpl_ctx_switch.S.o
 .debug_info    0x000045e0       0x26 build/machines/cortex/armv7em/tpl_ctx_switch_under_it.S.o
 .debug_info    0x00004606       0x26 build/machines/cortex/armv7em/tpl_interrupts.S.o
 .debug_info    0x0000462c      0x6b6 build/machines/cortex/armv7em/stm32f407/tpl_machine_stm32f407.c.o
 .debug_info    0x00004ce2      0x299 build/machines/cortex/armv7em/stm32f407/startup_stm32f4xx.c.o
 .debug_info    0x00004f7b      0x63e build/machines/cortex/armv7em/stm32f407/system_stm32f4xx.c.o
 .debug_info    0x000055b9      0x5b0 build/machines/cortex/armv7em/stm32f407/handlers_stm32f4xx.c.o
 .debug_info    0x00005b69      0x649 build/machines/cortex/armv7em/stm32f407/STM32F4xx_StdPeriph_Driver/stm32f4xx_gpio.c.o
 .debug_info    0x000061b2      0xf02 build/machines/cortex/armv7em/stm32f407/STM32F4xx_StdPeriph_Driver/stm32f4xx_rcc.c.o
 .debug_info    0x000070b4      0x37d build/machines/cortex/armv7em/stm32f407/STM32F4xx_StdPeriph_Driver/stm32f4xx_exti.c.o
 .debug_info    0x00007431      0x28e build/machines/cortex/armv7em/stm32f407/STM32F4xx_StdPeriph_Driver/stm32f4xx_syscfg.c.o
 .debug_info    0x000076bf      0x55c build/machines/cortex/armv7em/stm32f407/STM32F4xx_StdPeriph_Driver/misc.c.o
 .debug_info    0x00007c1b      0x8d6 build/machines/cortex/armv7em/stm32f407/stm32f4discovery/stm32f4_discovery.c.o
 .debug_info    0x000084f1      0x25b build/machines/cortex/armv7em/stm32f407/stm32f4discovery/tp.c.o

.debug_abbrev   0x00000000     0x2334
 .debug_abbrev  0x00000000      0x25c build/os/tpl_os_kernel.c.o
 .debug_abbrev  0x0000025c      0x136 build/os/tpl_os_timeobj_kernel.c.o
 .debug_abbrev  0x00000392       0x9a build/os/tpl_os_os_kernel.c.o
 .debug_abbrev  0x0000042c       0x6b build/os/tpl_os_os.c.o
 .debug_abbrev  0x00000497      0x199 build/os/tpl_os_interrupt_kernel.c.o
 .debug_abbrev  0x00000630      0x18f build/os/tpl_os_task_kernel.c.o
 .debug_abbrev  0x000007bf      0x176 build/os/tpl_os_resource_kernel.c.o
 .debug_abbrev  0x00000935      0x14f build/os/tpl_os_event_kernel.c.o
 .debug_abbrev  0x00000a84      0x133 build/blink.c.o
 .debug_abbrev  0x00000bb7      0x1b1 build/blink/tpl_app_config.c.o
 .debug_abbrev  0x00000d68       0x80 build/blink/tpl_dispatch_table.c.o
 .debug_abbrev  0x00000de8       0x14 build/blink/tpl_invoque.S.o
 .debug_abbrev  0x00000dfc       0x14 build/blink/tpl_primary_irq.S.o
 .debug_abbrev  0x00000e10       0x92 build/blink/tpl_vectors.c.o
 .debug_abbrev  0x00000ea2       0xaa build/blink/tpl_external_interrupts.c.o
 .debug_abbrev  0x00000f4c       0x44 build/blink/tpl_app_interrupts.c.o
 .debug_abbrev  0x00000f90      0x2e5 build/machines/cortex/tpl_machine_cortex.c.o
 .debug_abbrev  0x00001275       0x14 build/machines/cortex/tpl_sc_handler.S.o
 .debug_abbrev  0x00001289       0x14 build/machines/cortex/tpl_startup.S.o
 .debug_abbrev  0x0000129d       0x14 build/machines/cortex/armv7em/tpl_ctx_switch.S.o
 .debug_abbrev  0x000012b1       0x14 build/machines/cortex/armv7em/tpl_ctx_switch_under_it.S.o
 .debug_abbrev  0x000012c5       0x14 build/machines/cortex/armv7em/tpl_interrupts.S.o
 .debug_abbrev  0x000012d9      0x17b build/machines/cortex/armv7em/stm32f407/tpl_machine_stm32f407.c.o
 .debug_abbrev  0x00001454      0x145 build/machines/cortex/armv7em/stm32f407/startup_stm32f4xx.c.o
 .debug_abbrev  0x00001599      0x165 build/machines/cortex/armv7em/stm32f407/system_stm32f4xx.c.o
 .debug_abbrev  0x000016fe      0x11f build/machines/cortex/armv7em/stm32f407/handlers_stm32f4xx.c.o
 .debug_abbrev  0x0000181d      0x1dc build/machines/cortex/armv7em/stm32f407/STM32F4xx_StdPeriph_Driver/stm32f4xx_gpio.c.o
 .debug_abbrev  0x000019f9      0x1d1 build/machines/cortex/armv7em/stm32f407/STM32F4xx_StdPeriph_Driver/stm32f4xx_rcc.c.o
 .debug_abbrev  0x00001bca      0x1e0 build/machines/cortex/armv7em/stm32f407/STM32F4xx_StdPeriph_Driver/stm32f4xx_exti.c.o
 .debug_abbrev  0x00001daa      0x13e build/machines/cortex/armv7em/stm32f407/STM32F4xx_StdPeriph_Driver/stm32f4xx_syscfg.c.o
 .debug_abbrev  0x00001ee8      0x170 build/machines/cortex/armv7em/stm32f407/STM32F4xx_StdPeriph_Driver/misc.c.o
 .debug_abbrev  0x00002058      0x1c5 build/machines/cortex/armv7em/stm32f407/stm32f4discovery/stm32f4_discovery.c.o
 .debug_abbrev  0x0000221d      0x117 build/machines/cortex/armv7em/stm32f407/stm32f4discovery/tp.c.o

.debug_aranges  0x00000000      0x9a0
 .debug_aranges
                0x00000000       0xd8 build/os/tpl_os_kernel.c.o
 .debug_aranges
                0x000000d8       0x40 build/os/tpl_os_timeobj_kernel.c.o
 .debug_aranges
                0x00000118       0x38 build/os/tpl_os_os_kernel.c.o
 .debug_aranges
                0x00000150       0x20 build/os/tpl_os_os.c.o
 .debug_aranges
                0x00000170       0x68 build/os/tpl_os_interrupt_kernel.c.o
 .debug_aranges
                0x000001d8       0x48 build/os/tpl_os_task_kernel.c.o
 .debug_aranges
                0x00000220       0x30 build/os/tpl_os_resource_kernel.c.o
 .debug_aranges
                0x00000250       0x38 build/os/tpl_os_event_kernel.c.o
 .debug_aranges
                0x00000288       0x80 build/blink.c.o
 .debug_aranges
                0x00000308       0x28 build/blink/tpl_app_config.c.o
 .debug_aranges
                0x00000330       0x18 build/blink/tpl_dispatch_table.c.o
 .debug_aranges
                0x00000348       0x20 build/blink/tpl_invoque.S.o
 .debug_aranges
                0x00000368       0x20 build/blink/tpl_primary_irq.S.o
 .debug_aranges
                0x00000388       0x18 build/blink/tpl_vectors.c.o
 .debug_aranges
                0x000003a0       0x20 build/blink/tpl_external_interrupts.c.o
 .debug_aranges
                0x000003c0       0x30 build/blink/tpl_app_interrupts.c.o
 .debug_aranges
                0x000003f0       0x58 build/machines/cortex/tpl_machine_cortex.c.o
 .debug_aranges
                0x00000448       0x20 build/machines/cortex/tpl_sc_handler.S.o
 .debug_aranges
                0x00000468       0x20 build/machines/cortex/tpl_startup.S.o
 .debug_aranges
                0x00000488       0x20 build/machines/cortex/armv7em/tpl_ctx_switch.S.o
 .debug_aranges
                0x000004a8       0x20 build/machines/cortex/armv7em/tpl_ctx_switch_under_it.S.o
 .debug_aranges
                0x000004c8       0x20 build/machines/cortex/armv7em/tpl_interrupts.S.o
 .debug_aranges
                0x000004e8       0x30 build/machines/cortex/armv7em/stm32f407/tpl_machine_stm32f407.c.o
 .debug_aranges
                0x00000518       0x38 build/machines/cortex/armv7em/stm32f407/startup_stm32f4xx.c.o
 .debug_aranges
                0x00000550       0x30 build/machines/cortex/armv7em/stm32f407/system_stm32f4xx.c.o
 .debug_aranges
                0x00000580       0x60 build/machines/cortex/armv7em/stm32f407/handlers_stm32f4xx.c.o
 .debug_aranges
                0x000005e0       0x88 build/machines/cortex/armv7em/stm32f407/STM32F4xx_StdPeriph_Driver/stm32f4xx_gpio.c.o
 .debug_aranges
                0x00000668      0x1c0 build/machines/cortex/armv7em/stm32f407/STM32F4xx_StdPeriph_Driver/stm32f4xx_rcc.c.o
 .debug_aranges
                0x00000828       0x58 build/machines/cortex/armv7em/stm32f407/STM32F4xx_StdPeriph_Driver/stm32f4xx_exti.c.o
 .debug_aranges
                0x00000880       0x50 build/machines/cortex/armv7em/stm32f407/STM32F4xx_StdPeriph_Driver/stm32f4xx_syscfg.c.o
 .debug_aranges
                0x000008d0       0x40 build/machines/cortex/armv7em/stm32f407/STM32F4xx_StdPeriph_Driver/misc.c.o
 .debug_aranges
                0x00000910       0x48 build/machines/cortex/armv7em/stm32f407/stm32f4discovery/stm32f4_discovery.c.o
 .debug_aranges
                0x00000958       0x48 build/machines/cortex/armv7em/stm32f407/stm32f4discovery/tp.c.o

.debug_ranges   0x00000000      0x728
 .debug_ranges  0x00000000       0xe0 build/os/tpl_os_kernel.c.o
 .debug_ranges  0x000000e0       0x30 build/os/tpl_os_timeobj_kernel.c.o
 .debug_ranges  0x00000110       0x28 build/os/tpl_os_os_kernel.c.o
 .debug_ranges  0x00000138       0x10 build/os/tpl_os_os.c.o
 .debug_ranges  0x00000148       0x58 build/os/tpl_os_interrupt_kernel.c.o
 .debug_ranges  0x000001a0       0x38 build/os/tpl_os_task_kernel.c.o
 .debug_ranges  0x000001d8       0x20 build/os/tpl_os_resource_kernel.c.o
 .debug_ranges  0x000001f8       0x28 build/os/tpl_os_event_kernel.c.o
 .debug_ranges  0x00000220       0x70 build/blink.c.o
 .debug_ranges  0x00000290       0x18 build/blink/tpl_app_config.c.o
 .debug_ranges  0x000002a8       0x10 build/blink/tpl_external_interrupts.c.o
 .debug_ranges  0x000002b8       0x20 build/blink/tpl_app_interrupts.c.o
 .debug_ranges  0x000002d8       0x48 build/machines/cortex/tpl_machine_cortex.c.o
 .debug_ranges  0x00000320       0x20 build/machines/cortex/armv7em/stm32f407/tpl_machine_stm32f407.c.o
 .debug_ranges  0x00000340       0x28 build/machines/cortex/armv7em/stm32f407/startup_stm32f4xx.c.o
 .debug_ranges  0x00000368       0x20 build/machines/cortex/armv7em/stm32f407/system_stm32f4xx.c.o
 .debug_ranges  0x00000388       0x50 build/machines/cortex/armv7em/stm32f407/handlers_stm32f4xx.c.o
 .debug_ranges  0x000003d8       0x78 build/machines/cortex/armv7em/stm32f407/STM32F4xx_StdPeriph_Driver/stm32f4xx_gpio.c.o
 .debug_ranges  0x00000450      0x1b0 build/machines/cortex/armv7em/stm32f407/STM32F4xx_StdPeriph_Driver/stm32f4xx_rcc.c.o
 .debug_ranges  0x00000600       0x48 build/machines/cortex/armv7em/stm32f407/STM32F4xx_StdPeriph_Driver/stm32f4xx_exti.c.o
 .debug_ranges  0x00000648       0x40 build/machines/cortex/armv7em/stm32f407/STM32F4xx_StdPeriph_Driver/stm32f4xx_syscfg.c.o
 .debug_ranges  0x00000688       0x30 build/machines/cortex/armv7em/stm32f407/STM32F4xx_StdPeriph_Driver/misc.c.o
 .debug_ranges  0x000006b8       0x38 build/machines/cortex/armv7em/stm32f407/stm32f4discovery/stm32f4_discovery.c.o
 .debug_ranges  0x000006f0       0x38 build/machines/cortex/armv7em/stm32f407/stm32f4discovery/tp.c.o

.debug_line     0x00000000     0x5c63
 .debug_line    0x00000000      0x600 build/os/tpl_os_kernel.c.o
 .debug_line    0x00000600      0x2ef build/os/tpl_os_timeobj_kernel.c.o
 .debug_line    0x000008ef       0xfb build/os/tpl_os_os_kernel.c.o
 .debug_line    0x000009ea       0xc5 build/os/tpl_os_os.c.o
 .debug_line    0x00000aaf      0x1fc build/os/tpl_os_interrupt_kernel.c.o
 .debug_line    0x00000cab      0x29c build/os/tpl_os_task_kernel.c.o
 .debug_line    0x00000f47      0x24a build/os/tpl_os_resource_kernel.c.o
 .debug_line    0x00001191      0x268 build/os/tpl_os_event_kernel.c.o
 .debug_line    0x000013f9      0x3a1 build/blink.c.o
 .debug_line    0x0000179a      0x1ad build/blink/tpl_app_config.c.o
 .debug_line    0x00001947       0x68 build/blink/tpl_dispatch_table.c.o
 .debug_line    0x000019af      0x14d build/blink/tpl_invoque.S.o
 .debug_line    0x00001afc       0x5c build/blink/tpl_primary_irq.S.o
 .debug_line    0x00001b58       0x99 build/blink/tpl_vectors.c.o
 .debug_line    0x00001bf1      0x1a3 build/blink/tpl_external_interrupts.c.o
 .debug_line    0x00001d94       0x51 build/blink/tpl_app_interrupts.c.o
 .debug_line    0x00001de5      0x414 build/machines/cortex/tpl_machine_cortex.c.o
 .debug_line    0x000021f9       0x98 build/machines/cortex/tpl_sc_handler.S.o
 .debug_line    0x00002291       0x66 build/machines/cortex/tpl_startup.S.o
 .debug_line    0x000022f7       0x88 build/machines/cortex/armv7em/tpl_ctx_switch.S.o
 .debug_line    0x0000237f       0x8d build/machines/cortex/armv7em/tpl_ctx_switch_under_it.S.o
 .debug_line    0x0000240c       0x7f build/machines/cortex/armv7em/tpl_interrupts.S.o
 .debug_line    0x0000248b      0x2d4 build/machines/cortex/armv7em/stm32f407/tpl_machine_stm32f407.c.o
 .debug_line    0x0000275f      0x1df build/machines/cortex/armv7em/stm32f407/startup_stm32f4xx.c.o
 .debug_line    0x0000293e      0x383 build/machines/cortex/armv7em/stm32f407/system_stm32f4xx.c.o
 .debug_line    0x00002cc1      0x347 build/machines/cortex/armv7em/stm32f407/handlers_stm32f4xx.c.o
 .debug_line    0x00003008      0xa83 build/machines/cortex/armv7em/stm32f407/STM32F4xx_StdPeriph_Driver/stm32f4xx_gpio.c.o
 .debug_line    0x00003a8b     0x1024 build/machines/cortex/armv7em/stm32f407/STM32F4xx_StdPeriph_Driver/stm32f4xx_rcc.c.o
 .debug_line    0x00004aaf      0x4cd build/machines/cortex/armv7em/stm32f407/STM32F4xx_StdPeriph_Driver/stm32f4xx_exti.c.o
 .debug_line    0x00004f7c      0x383 build/machines/cortex/armv7em/stm32f407/STM32F4xx_StdPeriph_Driver/stm32f4xx_syscfg.c.o
 .debug_line    0x000052ff      0x397 build/machines/cortex/armv7em/stm32f407/STM32F4xx_StdPeriph_Driver/misc.c.o
 .debug_line    0x00005696      0x34f build/machines/cortex/armv7em/stm32f407/stm32f4discovery/stm32f4_discovery.c.o
 .debug_line    0x000059e5      0x27e build/machines/cortex/armv7em/stm32f407/stm32f4discovery/tp.c.o

.debug_str      0x00000000     0x336a
 .debug_str     0x00000000      0x771 build/os/tpl_os_kernel.c.o
                                0x85e (size before relaxing)
 .debug_str     0x00000771      0x1e1 build/os/tpl_os_timeobj_kernel.c.o
                                0x3db (size before relaxing)
 .debug_str     0x00000952       0x98 build/os/tpl_os_os_kernel.c.o
                                0x2ad (size before relaxing)
 .debug_str     0x000009ea       0x35 build/os/tpl_os_os.c.o
                                0x20f (size before relaxing)
 .debug_str     0x00000a1f      0x1d0 build/os/tpl_os_interrupt_kernel.c.o
                                0x624 (size before relaxing)
 .debug_str     0x00000bef       0xbe build/os/tpl_os_task_kernel.c.o
                                0x552 (size before relaxing)
 .debug_str     0x00000cad       0xc6 build/os/tpl_os_resource_kernel.c.o
                                0x580 (size before relaxing)
 .debug_str     0x00000d73       0x86 build/os/tpl_os_event_kernel.c.o
                                0x57e (size before relaxing)
 .debug_str     0x00000df9      0x1be build/blink.c.o
                                0x3e7 (size before relaxing)
 .debug_str     0x00000fb7      0x2d2 build/blink/tpl_app_config.c.o
                                0x9ad (size before relaxing)
 .debug_str     0x00001289       0x3e build/blink/tpl_dispatch_table.c.o
                                0x1f8 (size before relaxing)
 .debug_str     0x000012c7       0x22 build/blink/tpl_invoque.S.o
                                 0xa3 (size before relaxing)
 .debug_str     0x000012e9       0x18 build/blink/tpl_primary_irq.S.o
                                 0xa7 (size before relaxing)
 .debug_str     0x00001301       0x3a build/blink/tpl_vectors.c.o
                                0x1f4 (size before relaxing)
 .debug_str     0x0000133b      0x159 build/blink/tpl_external_interrupts.c.o
                                0x32c (size before relaxing)
 .debug_str     0x00001494       0x63 build/blink/tpl_app_interrupts.c.o
                                0x21d (size before relaxing)
 .debug_str     0x000014f7      0x6a9 build/machines/cortex/tpl_machine_cortex.c.o
                                0xae3 (size before relaxing)
 .debug_str     0x00001ba0       0x33 build/machines/cortex/tpl_sc_handler.S.o
                                 0xc2 (size before relaxing)
 .debug_str     0x00001bd3       0x30 build/machines/cortex/tpl_startup.S.o
                                 0xbf (size before relaxing)
 .debug_str     0x00001c03       0x3b build/machines/cortex/armv7em/tpl_ctx_switch.S.o
                                 0xca (size before relaxing)
 .debug_str     0x00001c3e       0x44 build/machines/cortex/armv7em/tpl_ctx_switch_under_it.S.o
                                 0xd3 (size before relaxing)
 .debug_str     0x00001c82       0x3b build/machines/cortex/armv7em/tpl_interrupts.S.o
                                 0xca (size before relaxing)
 .debug_str     0x00001cbd       0xab build/machines/cortex/armv7em/stm32f407/tpl_machine_stm32f407.c.o
                                0x86f (size before relaxing)
 .debug_str     0x00001d68      0x17c build/machines/cortex/armv7em/stm32f407/startup_stm32f4xx.c.o
                                0x34d (size before relaxing)
 .debug_str     0x00001ee4       0xe2 build/machines/cortex/armv7em/stm32f407/system_stm32f4xx.c.o
                                0x469 (size before relaxing)
 .debug_str     0x00001fc6      0x1ce build/machines/cortex/armv7em/stm32f407/handlers_stm32f4xx.c.o
                                0x469 (size before relaxing)
 .debug_str     0x00002194      0x349 build/machines/cortex/armv7em/stm32f407/STM32F4xx_StdPeriph_Driver/stm32f4xx_gpio.c.o
                                0x548 (size before relaxing)
 .debug_str     0x000024dd      0x6ec build/machines/cortex/armv7em/stm32f407/STM32F4xx_StdPeriph_Driver/stm32f4xx_rcc.c.o
                                0xa6a (size before relaxing)
 .debug_str     0x00002bc9      0x1e3 build/machines/cortex/armv7em/stm32f407/STM32F4xx_StdPeriph_Driver/stm32f4xx_exti.c.o
                                0x41a (size before relaxing)
 .debug_str     0x00002dac      0x193 build/machines/cortex/armv7em/stm32f407/STM32F4xx_StdPeriph_Driver/stm32f4xx_syscfg.c.o
                                0x3b6 (size before relaxing)
 .debug_str     0x00002f3f      0x19a build/machines/cortex/armv7em/stm32f407/STM32F4xx_StdPeriph_Driver/misc.c.o
                                0x476 (size before relaxing)
 .debug_str     0x000030d9      0x1e1 build/machines/cortex/armv7em/stm32f407/stm32f4discovery/stm32f4_discovery.c.o
                                0xbd1 (size before relaxing)
 .debug_str     0x000032ba       0xb0 build/machines/cortex/armv7em/stm32f407/stm32f4discovery/tp.c.o
                                0x330 (size before relaxing)

.comment        0x00000000       0x4d
 .comment       0x00000000       0x4d build/os/tpl_os_kernel.c.o
                                 0x4e (size before relaxing)
 .comment       0x0000004d       0x4e build/os/tpl_os_timeobj_kernel.c.o
 .comment       0x0000004d       0x4e build/os/tpl_os_os_kernel.c.o
 .comment       0x0000004d       0x4e build/os/tpl_os_os.c.o
 .comment       0x0000004d       0x4e build/os/tpl_os_interrupt_kernel.c.o
 .comment       0x0000004d       0x4e build/os/tpl_os_task_kernel.c.o
 .comment       0x0000004d       0x4e build/os/tpl_os_resource_kernel.c.o
 .comment       0x0000004d       0x4e build/os/tpl_os_event_kernel.c.o
 .comment       0x0000004d       0x4e build/blink.c.o
 .comment       0x0000004d       0x4e build/blink/tpl_app_config.c.o
 .comment       0x0000004d       0x4e build/blink/tpl_dispatch_table.c.o
 .comment       0x0000004d       0x4e build/blink/tpl_vectors.c.o
 .comment       0x0000004d       0x4e build/blink/tpl_external_interrupts.c.o
 .comment       0x0000004d       0x4e build/blink/tpl_app_interrupts.c.o
 .comment       0x0000004d       0x4e build/machines/cortex/tpl_machine_cortex.c.o
 .comment       0x0000004d       0x4e build/machines/cortex/armv7em/stm32f407/tpl_machine_stm32f407.c.o
 .comment       0x0000004d       0x4e build/machines/cortex/armv7em/stm32f407/startup_stm32f4xx.c.o
 .comment       0x0000004d       0x4e build/machines/cortex/armv7em/stm32f407/system_stm32f4xx.c.o
 .comment       0x0000004d       0x4e build/machines/cortex/armv7em/stm32f407/handlers_stm32f4xx.c.o
 .comment       0x0000004d       0x4e build/machines/cortex/armv7em/stm32f407/STM32F4xx_StdPeriph_Driver/stm32f4xx_gpio.c.o
 .comment       0x0000004d       0x4e build/machines/cortex/armv7em/stm32f407/STM32F4xx_StdPeriph_Driver/stm32f4xx_rcc.c.o
 .comment       0x0000004d       0x4e build/machines/cortex/armv7em/stm32f407/STM32F4xx_StdPeriph_Driver/stm32f4xx_exti.c.o
 .comment       0x0000004d       0x4e build/machines/cortex/armv7em/stm32f407/STM32F4xx_StdPeriph_Driver/stm32f4xx_syscfg.c.o
 .comment       0x0000004d       0x4e build/machines/cortex/armv7em/stm32f407/STM32F4xx_StdPeriph_Driver/misc.c.o
 .comment       0x0000004d       0x4e build/machines/cortex/armv7em/stm32f407/stm32f4discovery/stm32f4_discovery.c.o
 .comment       0x0000004d       0x4e build/machines/cortex/armv7em/stm32f407/stm32f4discovery/tp.c.o

.debug_frame    0x00000000     0x1d04
 .debug_frame   0x00000000      0x364 build/os/tpl_os_kernel.c.o
 .debug_frame   0x00000364       0xcc build/os/tpl_os_timeobj_kernel.c.o
 .debug_frame   0x00000430       0xa0 build/os/tpl_os_os_kernel.c.o
 .debug_frame   0x000004d0       0x34 build/os/tpl_os_os.c.o
 .debug_frame   0x00000504      0x14c build/os/tpl_os_interrupt_kernel.c.o
 .debug_frame   0x00000650       0xe8 build/os/tpl_os_task_kernel.c.o
 .debug_frame   0x00000738       0x80 build/os/tpl_os_resource_kernel.c.o
 .debug_frame   0x000007b8       0xa0 build/os/tpl_os_event_kernel.c.o
 .debug_frame   0x00000858      0x1bc build/blink.c.o
 .debug_frame   0x00000a14       0x48 build/blink/tpl_app_config.c.o
 .debug_frame   0x00000a5c       0x30 build/blink/tpl_external_interrupts.c.o
 .debug_frame   0x00000a8c       0x70 build/blink/tpl_app_interrupts.c.o
 .debug_frame   0x00000afc      0x118 build/machines/cortex/tpl_machine_cortex.c.o
 .debug_frame   0x00000c14       0x78 build/machines/cortex/armv7em/stm32f407/tpl_machine_stm32f407.c.o
 .debug_frame   0x00000c8c       0xa0 build/machines/cortex/armv7em/stm32f407/startup_stm32f4xx.c.o
 .debug_frame   0x00000d2c       0x7c build/machines/cortex/armv7em/stm32f407/system_stm32f4xx.c.o
 .debug_frame   0x00000da8       0xf8 build/machines/cortex/armv7em/stm32f407/handlers_stm32f4xx.c.o
 .debug_frame   0x00000ea0      0x214 build/machines/cortex/armv7em/stm32f407/STM32F4xx_StdPeriph_Driver/stm32f4xx_gpio.c.o
 .debug_frame   0x000010b4      0x77c build/machines/cortex/armv7em/stm32f407/STM32F4xx_StdPeriph_Driver/stm32f4xx_rcc.c.o
 .debug_frame   0x00001830      0x130 build/machines/cortex/armv7em/stm32f407/STM32F4xx_StdPeriph_Driver/stm32f4xx_exti.c.o
 .debug_frame   0x00001960      0x108 build/machines/cortex/armv7em/stm32f407/STM32F4xx_StdPeriph_Driver/stm32f4xx_syscfg.c.o
 .debug_frame   0x00001a68       0xc4 build/machines/cortex/armv7em/stm32f407/STM32F4xx_StdPeriph_Driver/misc.c.o
 .debug_frame   0x00001b2c       0xf4 build/machines/cortex/armv7em/stm32f407/stm32f4discovery/stm32f4_discovery.c.o
 .debug_frame   0x00001c20       0xe4 build/machines/cortex/armv7em/stm32f407/stm32f4discovery/tp.c.o
